//------------------------- VERSION: BETA -------------------------//

//------------------- TIME: 2025-11-11 10:33:32 -------------------//

clear; //清空项目信息
clc;//清空下方信息栏窗口信息
//----------------------------- CONTROL ---------------------------->>//主控数据（基本上都是默认的）
Acel,9.8066; //定义加速度
CalcTendon,1;//打开计算预应力开关
CalcConForce,1;//打开计算并发反力开关
CalcShrink,1;//打开计算收缩开关
CalcCreep,1;//打开计算徐变开关
CalcShear,1;//打开计算剪切变形开关
CalcRlx,1;//打开计算钢束松弛开关
ModLocCoor,0;//打开修改变截面局部坐标系开关
IncTendon,1;//打开考虑钢束自重开关
NL,0,0;//设置非线性参数，打开几何非线性
LnSrch,0;//设置非线性参数，打开非线性连接单元
AutoTs,0;//设置非线性参数，线形检索
ModOpt,0;//设置模态阶数


//----------------------------- PROPERTY ---------------------------->>钢束样条曲线形状，独立属性
Spline3D,BD1,ARC3D,TENDON,
			2.80100E-01,0.00000E+00,-1.80000E+00,0.00000,
			2.16733E+00,0.00000E+00,-2.02088E+00,10.00000,
			1.00001E+01,0.00000E+00,-2.08039E+00,0.05000,
			1.51985E+01,0.00000E+00,-2.19886E+00,10.00000,
			1.74321E+01,0.00000E+00,-1.80191E+00,0.00000;
Spline3D,BD2,ARC3D,TENDON,
			2.80100E-01,0.00000E+00,-1.80000E+00,0.00000,
			2.41610E+00,0.00000E+00,-2.05000E+00,10.00000,
			6.00010E+00,0.00000E+00,-2.05000E+00,0.05000,
			1.00001E+01,0.00000E+00,-2.08039E+00,0.05000,
			1.40001E+01,0.00000E+00,-2.17155E+00,0.05000,
			1.92193E+01,0.00000E+00,-2.36979E+00,10.00000,
			2.14341E+01,0.00000E+00,-1.97610E+00,0.00000;
Spline3D,BD3,ARC3D,TENDON,
			2.80000E-01,0.00000E+00,-1.80000E+00,0.00000,
			2.41600E+00,0.00000E+00,-2.05000E+00,10.00000,
			6.00000E+00,0.00000E+00,-2.05000E+00,0.05000,
			1.00000E+01,0.00000E+00,-2.08039E+00,0.05000,
			1.40000E+01,0.00000E+00,-2.17155E+00,0.05000,
			1.80000E+01,0.00000E+00,-2.32348E+00,0.05000,
			2.32926E+01,0.00000E+00,-2.60493E+00,8.00000,
			2.44245E+01,0.00000E+00,-2.40290E+00,0.00000;
Spline3D,BT1,ARC3D,TENDON,
			3.00000E-01,0.00000E+00,-5.00000E-01,0.00000,
			2.79000E+00,0.00000E+00,-1.50000E-01,8.00000,
			7.40000E+00,0.00000E+00,-1.50000E-01,8.00000,
			9.34900E+00,0.00000E+00,-6.00000E-01,0.00000;
Spline3D,BT2,ARC3D,TENDON,
			3.00000E-01,0.00000E+00,-5.00000E-01,0.00000,
			2.79000E+00,0.00000E+00,-1.50000E-01,8.00000,
			1.14000E+01,0.00000E+00,-1.50000E-01,8.00000,
			1.33490E+01,0.00000E+00,-6.00000E-01,0.00000;
Spline3D,BT3,ARC3D,TENDON,
			3.00000E-01,0.00000E+00,-5.00000E-01,0.00000,
			2.79000E+00,0.00000E+00,-1.50000E-01,8.00000,
			1.54000E+01,0.00000E+00,-1.50000E-01,8.00000,
			1.73490E+01,0.00000E+00,-6.00000E-01,0.00000;
Spline3D,F0,ARC3D,TENDON,
			-4.85000E+00,0.00000E+00,-2.93000E+00,0.00000,
			-2.11400E+00,0.00000E+00,-1.35000E+00,6.00000,
			0.00000E+00,0.00000E+00,-1.35000E+00,6.00000,
			2.11400E+00,0.00000E+00,-1.35000E+00,6.00000,
			4.85000E+00,0.00000E+00,-2.93000E+00,0.00000;
Spline3D,F1,ARC3D,TENDON,
			-8.35000E+00,0.00000E+00,-2.85000E+00,0.00000,
			-5.49300E+00,0.00000E+00,-1.20000E+00,8.00000,
			0.00000E+00,0.00000E+00,-1.20000E+00,8.00000,
			5.49300E+00,0.00000E+00,-1.20000E+00,8.00000,
			8.35000E+00,0.00000E+00,-2.85000E+00,0.00000;
Spline3D,F2,ARC3D,TENDON,
			-1.18500E+01,0.00000E+00,-2.55000E+00,0.00000,
			-9.25200E+00,0.00000E+00,-1.05000E+00,8.00000,
			0.00000E+00,0.00000E+00,-1.05000E+00,8.00000,
			9.25200E+00,0.00000E+00,-1.05000E+00,8.00000,
			1.18500E+01,0.00000E+00,-2.55000E+00,0.00000;
Spline3D,F3,ARC3D,TENDON,
			-1.53500E+01,0.00000E+00,-2.25000E+00,0.00000,
			-1.30120E+01,0.00000E+00,-9.00000E-01,6.00000,
			0.00000E+00,0.00000E+00,-9.00000E-01,6.00000,
			1.30120E+01,0.00000E+00,-9.00000E-01,6.00000,
			1.53500E+01,0.00000E+00,-2.25000E+00,0.00000;
Spline3D,F4,ARC3D,TENDON,
			-1.88500E+01,0.00000E+00,-2.05000E+00,0.00000,
			-1.65990E+01,0.00000E+00,-7.50000E-01,6.00000,
			0.00000E+00,0.00000E+00,-7.50000E-01,6.00000,
			1.65990E+01,0.00000E+00,-7.50000E-01,6.00000,
			1.88500E+01,0.00000E+00,-2.05000E+00,0.00000;
Spline3D,F5,ARC3D,TENDON,
			-2.28500E+01,0.00000E+00,-1.90000E+00,0.00000,
			-2.05990E+01,0.00000E+00,-6.00000E-01,6.00000,
			0.00000E+00,0.00000E+00,-6.00000E-01,6.00000,
			2.05990E+01,0.00000E+00,-6.00000E-01,6.00000,
			2.28500E+01,0.00000E+00,-1.90000E+00,0.00000;
Spline3D,F6,ARC3D,TENDON,
			-2.68500E+01,0.00000E+00,-1.75000E+00,0.00000,
			-2.45990E+01,0.00000E+00,-4.50000E-01,6.00000,
			0.00000E+00,0.00000E+00,-4.50000E-01,6.00000,
			2.45990E+01,0.00000E+00,-4.50000E-01,6.00000,
			2.68500E+01,0.00000E+00,-1.75000E+00,0.00000;
Spline3D,F7,ARC3D,TENDON,
			-3.08500E+01,0.00000E+00,-1.60000E+00,0.00000,
			-2.85990E+01,0.00000E+00,-3.00000E-01,6.00000,
			0.00000E+00,0.00000E+00,-3.00000E-01,6.00000,
			2.85990E+01,0.00000E+00,-3.00000E-01,6.00000,
			3.08500E+01,0.00000E+00,-1.60000E+00,0.00000;
Spline3D,F8,ARC3D,TENDON,
			-3.48500E+01,0.00000E+00,-1.45000E+00,0.00000,
			-3.25990E+01,0.00000E+00,-1.50000E-01,6.00000,
			0.00000E+00,0.00000E+00,-1.50000E-01,6.00000,
			3.25990E+01,0.00000E+00,-1.50000E-01,6.00000,
			3.48500E+01,0.00000E+00,-1.45000E+00,0.00000;
Spline3D,T0,ARC3D,TENDON,
			-5.00000E+00,0.00000E+00,-4.00000E-01,0.00000,
			0.00000E+00,0.00000E+00,-4.00000E-01,10.00000,
			5.00000E+00,0.00000E+00,-4.00000E-01,0.00000;
Spline3D,T1,ARC3D,TENDON,
			-8.50000E+00,0.00000E+00,-4.00000E-01,0.00000,
			0.00000E+00,0.00000E+00,-4.00000E-01,10.00000,
			8.50000E+00,0.00000E+00,-4.00000E-01,0.00000;
Spline3D,T2,ARC3D,TENDON,
			-1.20000E+01,0.00000E+00,-4.00000E-01,0.00000,
			0.00000E+00,0.00000E+00,-4.00000E-01,10.00000,
			1.20000E+01,0.00000E+00,-4.00000E-01,0.00000;
Spline3D,T3,ARC3D,TENDON,
			-1.54990E+01,0.00000E+00,-4.00000E-01,0.00000,
			-1.38070E+01,0.00000E+00,-4.00000E-01,10.00000,
			-1.20220E+01,0.00000E+00,-1.50000E-01,10.00000,
			0.00000E+00,0.00000E+00,-1.50000E-01,10.00000,
			1.20220E+01,0.00000E+00,-1.50000E-01,10.00000,
			1.38070E+01,0.00000E+00,-4.00000E-01,10.00000,
			1.54990E+01,0.00000E+00,-4.00000E-01,0.00000;
Spline3D,T4,ARC3D,TENDON,
			-1.89990E+01,0.00000E+00,-4.00000E-01,0.00000,
			-1.73070E+01,0.00000E+00,-4.00000E-01,10.00000,
			-1.55220E+01,0.00000E+00,-1.50000E-01,10.00000,
			0.00000E+00,0.00000E+00,-1.50000E-01,10.00000,
			1.55220E+01,0.00000E+00,-1.50000E-01,10.00000,
			1.73070E+01,0.00000E+00,-4.00000E-01,10.00000,
			1.89990E+01,0.00000E+00,-4.00000E-01,0.00000;
Spline3D,T5,ARC3D,TENDON,
			-2.29990E+01,0.00000E+00,-4.00000E-01,0.00000,
			-2.13070E+01,0.00000E+00,-4.00000E-01,10.00000,
			-1.95220E+01,0.00000E+00,-1.50000E-01,10.00000,
			0.00000E+00,0.00000E+00,-1.50000E-01,10.00000,
			1.95220E+01,0.00000E+00,-1.50000E-01,10.00000,
			2.13070E+01,0.00000E+00,-4.00000E-01,10.00000,
			2.29990E+01,0.00000E+00,-4.00000E-01,0.00000;
Spline3D,T6,ARC3D,TENDON,
			-2.70000E+01,0.00000E+00,-4.00000E-01,0.00000,
			0.00000E+00,0.00000E+00,-4.00000E-01,10.00000,
			2.70000E+01,0.00000E+00,-4.00000E-01,0.00000;
Spline3D,T7,ARC3D,TENDON,
			-3.09990E+01,0.00000E+00,-4.00000E-01,0.00000,
			-2.93070E+01,0.00000E+00,-4.00000E-01,10.00000,
			-2.75220E+01,0.00000E+00,-1.50000E-01,10.00000,
			0.00000E+00,0.00000E+00,-1.50000E-01,10.00000,
			2.75220E+01,0.00000E+00,-1.50000E-01,10.00000,
			2.93070E+01,0.00000E+00,-4.00000E-01,10.00000,
			3.09990E+01,0.00000E+00,-4.00000E-01,0.00000;
Spline3D,T8,ARC3D,TENDON,
			-3.49990E+01,0.00000E+00,-4.00000E-01,0.00000,
			-3.33070E+01,0.00000E+00,-4.00000E-01,10.00000,
			-3.15220E+01,0.00000E+00,-1.50000E-01,10.00000,
			0.00000E+00,0.00000E+00,-1.50000E-01,10.00000,
			3.15220E+01,0.00000E+00,-1.50000E-01,10.00000,
			3.33070E+01,0.00000E+00,-4.00000E-01,10.00000,
			3.49990E+01,0.00000E+00,-4.00000E-01,0.00000;
Spline3D,T9,ARC3D,TENDON,
			-3.89990E+01,0.00000E+00,-4.00000E-01,0.00000,
			-3.73070E+01,0.00000E+00,-4.00000E-01,10.00000,
			-3.55220E+01,0.00000E+00,-1.50000E-01,10.00000,
			0.00000E+00,0.00000E+00,-1.50000E-01,10.00000,
			3.55220E+01,0.00000E+00,-1.50000E-01,10.00000,
			3.73070E+01,0.00000E+00,-4.00000E-01,10.00000,
			3.89990E+01,0.00000E+00,-4.00000E-01,0.00000;
Spline3D,Z1,ARC3D,TENDON,
			-4.50000E+00,0.00000E+00,-1.62659E+00,0.00000,
			-2.06800E+00,0.00000E+00,-2.05000E+00,10.00000,
			0.00000E+00,0.00000E+00,-2.05000E+00,10.00000,
			2.06800E+00,0.00000E+00,-2.05000E+00,10.00000,
			4.50000E+00,0.00000E+00,-1.62659E+00,0.00000;
Spline3D,Z2,ARC3D,TENDON,
			-8.50000E+00,0.00000E+00,-1.69015E+00,0.00000,
			-6.15505E+00,0.00000E+00,-2.10671E+00,10.00000,
			-5.00005E+00,0.00000E+00,-2.08039E+00,0.10000,
			-1.00005E+00,0.00000E+00,-2.05000E+00,0.10000,
			1.00000E+00,0.00000E+00,-2.05000E+00,0.10000,
			6.24974E+00,0.00000E+00,-2.08988E+00,10.00000,
			8.50000E+00,0.00000E+00,-1.69015E+00,0.00000;
Spline3D,Z3,ARC3D,TENDON,
			-1.24999E+01,0.00000E+00,-1.80449E+00,0.00000,
			-1.02715E+01,0.00000E+00,-2.20053E+00,10.00000,
			-4.99990E+00,0.00000E+00,-2.08039E+00,0.10000,
			-9.99898E-01,0.00000E+00,-2.05000E+00,0.10000,
			1.00015E+00,0.00000E+00,-2.05000E+00,0.10000,
			5.00015E+00,0.00000E+00,-2.08039E+00,0.10000,
			9.00015E+00,0.00000E+00,-2.17155E+00,0.10000,
			1.01821E+01,0.00000E+00,-2.21614E+00,10.00000,
			1.25002E+01,0.00000E+00,-1.80449E+00,0.00000;
Spline3D,Z4,ARC3D,TENDON,
			-1.64978E+01,0.00000E+00,-1.95961E+00,0.00000,
			-1.41197E+01,0.00000E+00,-2.38293E+00,10.00000,
			-1.26367E+01,0.00000E+00,-2.30980E+00,0.10000,
			-9.00245E+00,0.00000E+00,-2.17161E+00,0.10000,
			-5.00017E+00,0.00000E+00,-2.08040E+00,0.10000,
			-9.98463E-01,0.00000E+00,-2.05000E+00,0.10000,
			1.00273E+00,0.00000E+00,-2.05000E+00,0.10000,
			5.00443E+00,0.00000E+00,-2.08040E+00,0.10000,
			9.00671E+00,0.00000E+00,-2.17161E+00,0.10000,
			1.20463E+01,0.00000E+00,-2.28766E+00,0.10000,
			1.40856E+01,0.00000E+00,-2.38985E+00,10.00000,
			1.65023E+01,0.00000E+00,-1.95966E+00,0.00000;
Spline3D,Z5,ARC3D,TENDON,
			-2.04989E+01,0.00000E+00,-2.22549E+00,0.00000,
			-1.82509E+01,0.00000E+00,-2.62672E+00,10.00000,
			-1.64389E+01,0.00000E+00,-2.50626E+00,0.10000,
			-1.30047E+01,0.00000E+00,-2.32364E+00,0.10000,
			-9.00245E+00,0.00000E+00,-2.17161E+00,0.10000,
			-5.00017E+00,0.00000E+00,-2.08040E+00,0.10000,
			-9.98463E-01,0.00000E+00,-2.05000E+00,0.10000,
			1.00273E+00,0.00000E+00,-2.05000E+00,0.10000,
			5.00443E+00,0.00000E+00,-2.08040E+00,0.10000,
			9.00671E+00,0.00000E+00,-2.17161E+00,0.10000,
			1.30090E+01,0.00000E+00,-2.32364E+00,0.10000,
			1.61167E+01,0.00000E+00,-2.48975E+00,0.10000,
			1.82455E+01,0.00000E+00,-2.62902E+00,10.00000,
			2.05023E+01,0.00000E+00,-2.22632E+00,0.00000;
Spline3D,Z6,ARC3D,TENDON,
			-2.40001E+01,0.00000E+00,-2.45752E+00,0.00000,
			-2.16591E+01,0.00000E+00,-2.87243E+00,10.00000,
			-2.00784E+01,0.00000E+00,-2.74673E+00,0.10000,
			-1.70093E+01,0.00000E+00,-2.53647E+00,0.10000,
			-1.30070E+01,0.00000E+00,-2.32364E+00,0.10000,
			-9.00473E+00,0.00000E+00,-2.17161E+00,0.10000,
			-5.00246E+00,0.00000E+00,-2.08040E+00,0.10000,
			-1.00075E+00,0.00000E+00,-2.05000E+00,0.10000,
			1.00044E+00,0.00000E+00,-2.05000E+00,0.10000,
			5.00215E+00,0.00000E+00,-2.08040E+00,0.10000,
			9.00443E+00,0.00000E+00,-2.17161E+00,0.10000,
			1.30067E+01,0.00000E+00,-2.32364E+00,0.10000,
			1.70090E+01,0.00000E+00,-2.53647E+00,0.10000,
			1.86124E+01,0.00000E+00,-2.64650E+00,0.10000,
			2.16281E+01,0.00000E+00,-2.87797E+00,10.00000,
			2.39999E+01,0.00000E+00,-2.45760E+00,0.00000;
Spline3D,Z7,ARC3D,TENDON,
			-2.75001E+01,0.00000E+00,-2.73656E+00,0.00000,
			-2.51518E+01,0.00000E+00,-3.15215E+00,10.00000,
			-2.10115E+01,0.00000E+00,-2.81010E+00,0.10000,
			-1.70093E+01,0.00000E+00,-2.53647E+00,0.10000,
			-1.30070E+01,0.00000E+00,-2.32364E+00,0.10000,
			-9.00473E+00,0.00000E+00,-2.17161E+00,0.10000,
			-5.00246E+00,0.00000E+00,-2.08040E+00,0.10000,
			-1.00075E+00,0.00000E+00,-2.05000E+00,0.10000,
			1.00044E+00,0.00000E+00,-2.05000E+00,0.10000,
			5.00215E+00,0.00000E+00,-2.08040E+00,0.10000,
			9.00443E+00,0.00000E+00,-2.17161E+00,0.10000,
			1.30067E+01,0.00000E+00,-2.32364E+00,0.10000,
			1.70090E+01,0.00000E+00,-2.53647E+00,0.10000,
			2.10112E+01,0.00000E+00,-2.81010E+00,0.10000,
			2.51518E+01,0.00000E+00,-3.15218E+00,10.00000,
			2.74999E+01,0.00000E+00,-2.73665E+00,0.00000;
Spline3D,Z8,ARC3D,TENDON,
			-3.09968E+01,0.00000E+00,-3.06213E+00,0.00000,
			-2.85786E+01,0.00000E+00,-3.48953E+00,10.00000,
			-2.45112E+01,0.00000E+00,-3.09942E+00,0.10000,
			-2.10092E+01,0.00000E+00,-2.81010E+00,0.10000,
			-1.70070E+01,0.00000E+00,-2.53647E+00,0.10000,
			-1.30047E+01,0.00000E+00,-2.32364E+00,0.10000,
			-9.00245E+00,0.00000E+00,-2.17161E+00,0.10000,
			-5.00017E+00,0.00000E+00,-2.08040E+00,0.10000,
			-9.98463E-01,0.00000E+00,-2.05000E+00,0.10000,
			1.00273E+00,0.00000E+00,-2.05000E+00,0.10000,
			5.00443E+00,0.00000E+00,-2.08040E+00,0.10000,
			9.00671E+00,0.00000E+00,-2.17161E+00,0.10000,
			1.30090E+01,0.00000E+00,-2.32364E+00,0.10000,
			1.70113E+01,0.00000E+00,-2.53647E+00,0.10000,
			2.10134E+01,0.00000E+00,-2.81010E+00,0.10000,
			2.45155E+01,0.00000E+00,-3.09942E+00,0.10000,
			2.85816E+01,0.00000E+00,-3.48940E+00,10.00000,
			3.09991E+01,0.00000E+00,-3.06213E+00,0.00000;
Spline3D,ZT,ARC3D,TENDON,
			-1.25000E+01,0.00000E+00,-6.00000E-01,0.00000,
			-1.10000E+01,0.00000E+00,-1.50000E-01,10.00000,
			0.00000E+00,0.00000E+00,-1.50000E-01,10.00000,
			1.10000E+01,0.00000E+00,-1.50000E-01,10.00000,
			1.25000E+01,0.00000E+00,-6.00000E-01,0.00000;

//----------------------------- MATERIAL --------------------------->>材料，独立属性
CrpShrk,1,收缩徐变,70.00,7,5.000,3;//定义收缩徐变特性参数，基本上伴随混凝土材料有

Material,1,C50,CONC,JTG3362_2018,C50,1,0.050;//定义混凝土材料,会引用收缩徐变特性参数编号
Material,2,钢绞线-1860,PRESTRESSED,JTG3362_2018,Strand1860,0.050;//定义钢绞线材料
Material,3,HRB400,REBAR,JTG3362_2018,HRB400,0.050;//定义钢筋



//------------------------------- SECTION ----------------------------->>截面，独立属性
Section,1,支点截面,CONVENTIONALBOX,4.8000,6.3750,6.3750,3.5000,3.5000,0.8000,0.5000,0.9000,0.8000,0.5000,
			1,5.0500,4.5000,5.0500,5.0500,1.7000,0.8000,0.5000,0.5000,1.0000,0.5000,0.5000,0.2500,0.6000,0.3000,1.0000,0.5000,0.6000,0.3000,
			2.8750,0.2000,0.0000,0.8000,0.8000,1,2.8750,0.2000,1.3250,0.7000,0.4000,
			Intergal,0.0000,0.0000,0.0000,0.0000,0.0000,0.0000,0.0000;
SectionOffset,1,Middle,0.0000,Top,0.0000;
SectionMesh,1,0,0.1000;

Section,2,根部截面,CONVENTIONALBOX,4.5530,6.3750,6.3750,3.5000,3.5000,0.7500,0.2800,0.5720,0.7500,0.5000,
			1,5.0500,4.5000,5.0500,5.0500,1.8000,0.8800,0.5000,0.2800,1.0000,0.5000,0.5000,0.3000,0.6000,0.3000,1.0000,0.5000,0.6000,0.3000,
			2.8750,0.2000,0.0000,0.8000,0.8000,1,2.8750,0.2000,1.3250,0.7000,0.4000,
			Intergal,0.0000,0.0000,0.0000,0.0000,0.0000,0.0000,0.0000;
SectionOffset,2,Middle,0.0000,Top,0.0000;
SectionMesh,2,0,0.1000;

Section,3,标准截面,CONVENTIONALBOX,2.2000,6.3750,6.3750,3.5000,3.5000,0.5000,0.2800,0.3000,0.5000,0.5000,
			1,5.0500,4.5000,5.0500,5.0500,1.8000,0.8800,0.5000,0.2800,1.0000,0.5000,0.5000,0.3000,0.6000,0.3000,1.0000,0.5000,0.6000,0.3000,
			2.8750,0.2000,0.0000,0.8000,0.8000,1,2.8750,0.2000,1.3250,0.7000,0.4000,
			Intergal,0.0000,0.0000,0.0000,0.0000,0.0000,0.0000,0.0000;
SectionOffset,3,Middle,0.0000,Top,0.0000;
SectionMesh,3,0,0.1000;

Section,4,端横梁截面,CONVENTIONALBOX,2.2000,6.3750,6.3750,3.5000,3.5000,0.7500,0.2800,0.6000,0.7500,0.5000,
			1,5.0500,4.5000,5.0500,5.0500,0.8480,0.8000,0.5000,0.2800,1.0000,0.5000,0.0100,0.0100,0.6000,0.3000,1.0000,0.5000,0.6000,0.3000,
			2.8750,0.2000,0.0000,0.8000,0.8000,1,2.8750,0.2000,1.3250,0.7000,0.4000,
			Intergal,0.0000,0.0000,0.0000,0.0000,0.0000,0.0000,0.0000;
SectionOffset,4,Middle,0.0000,Top,0.0000;
SectionMesh,4,0,0.1000;

Section,5,截面,RECT,Fillet,Solid,6.5000,2.0000,1.0000,0.5000,0.5000,1.0000,1.0000,0.5000,0.2500,
			0,1.0000,0.5000,0.2500,0,1.2000,0.8000,0.2000;
SectionOffset,5,Middle,0.0000,Center,0.0000;
SectionMesh,5,0,0.1000;

Section,6,中墩截面,RECT,Fillet,Solid,6.5000,4.0000,1.0000,0.5000,0.5000,1.0000,1.0000,0.5000,0.2500,
			0,1.0000,0.5000,0.2500,0,1.2000,0.8000,0.2000;
SectionOffset,6,Middle,0.0000,Center,0.0000;
SectionMesh,6,0,0.1000;

Section,7,_组1_7,CONVENTIONALBOX,2.2073,6.3750,6.3750,3.5000,3.5000,0.5139,0.2800,0.3008,0.5008,0.5000,
			1,5.0500,4.5000,5.0500,5.0500,1.8000,0.8800,0.5000,0.2800,1.0000,0.5000,0.5000,0.3000,0.6000,0.3000,1.0000,0.5000,0.6000,0.3000,
			2.8750,0.2000,0.0000,0.8000,0.8000,1,2.8750,0.2000,1.3250,0.7000,0.4000,
			Intergal,0.0000,0.0000,0.0000,0.0000,0.0000,0.0000,0.0000;
SectionOffset,7,Middle,0.0000,Top,0.0000;
SectionMesh,7,0,0.1000;

Section,8,_组1_8,CONVENTIONALBOX,2.2654,6.3750,6.3750,3.5000,3.5000,0.5417,0.2800,0.3076,0.5069,0.5000,
			1,5.0500,4.5000,5.0500,5.0500,1.8000,0.8800,0.5000,0.2800,1.0000,0.5000,0.5000,0.3000,0.6000,0.3000,1.0000,0.5000,0.6000,0.3000,
			2.8750,0.2000,0.0000,0.8000,0.8000,1,2.8750,0.2000,1.3250,0.7000,0.4000,
			Intergal,0.0000,0.0000,0.0000,0.0000,0.0000,0.0000,0.0000;
SectionOffset,8,Middle,0.0000,Top,0.0000;
SectionMesh,8,0,0.1000;

Section,9,_组1_9,CONVENTIONALBOX,2.3816,6.3750,6.3750,3.5000,3.5000,0.5694,0.2800,0.3210,0.5193,0.5000,
			1,5.0500,4.5000,5.0500,5.0500,1.8000,0.8800,0.5000,0.2800,1.0000,0.5000,0.5000,0.3000,0.6000,0.3000,1.0000,0.5000,0.6000,0.3000,
			2.8750,0.2000,0.0000,0.8000,0.8000,1,2.8750,0.2000,1.3250,0.7000,0.4000,
			Intergal,0.0000,0.0000,0.0000,0.0000,0.0000,0.0000,0.0000;
SectionOffset,9,Middle,0.0000,Top,0.0000;
SectionMesh,9,0,0.1000;

Section,10,_组1_10,CONVENTIONALBOX,2.5559,6.3750,6.3750,3.5000,3.5000,0.5972,0.2800,0.3411,0.5378,0.5000,
			1,5.0500,4.5000,5.0500,5.0500,1.8000,0.8800,0.5000,0.2800,1.0000,0.5000,0.5000,0.3000,0.6000,0.3000,1.0000,0.5000,0.6000,0.3000,
			2.8750,0.2000,0.0000,0.8000,0.8000,1,2.8750,0.2000,1.3250,0.7000,0.4000,
			Intergal,0.0000,0.0000,0.0000,0.0000,0.0000,0.0000,0.0000;
SectionOffset,10,Middle,0.0000,Top,0.0000;
SectionMesh,10,0,0.1000;

Section,11,_组1_11,CONVENTIONALBOX,2.7883,6.3750,6.3750,3.5000,3.5000,0.6250,0.2800,0.3680,0.5625,0.5000,
			1,5.0500,4.5000,5.0500,5.0500,1.8000,0.8800,0.5000,0.2800,1.0000,0.5000,0.5000,0.3000,0.6000,0.3000,1.0000,0.5000,0.6000,0.3000,
			2.8750,0.2000,0.0000,0.8000,0.8000,1,2.8750,0.2000,1.3250,0.7000,0.4000,
			Intergal,0.0000,0.0000,0.0000,0.0000,0.0000,0.0000,0.0000;
SectionOffset,11,Middle,0.0000,Top,0.0000;
SectionMesh,11,0,0.1000;

Section,12,_组1_12,CONVENTIONALBOX,3.0787,6.3750,6.3750,3.5000,3.5000,0.6528,0.2800,0.4016,0.5934,0.5000,
			1,5.0500,4.5000,5.0500,5.0500,1.8000,0.8800,0.5000,0.2800,1.0000,0.5000,0.5000,0.3000,0.6000,0.3000,1.0000,0.5000,0.6000,0.3000,
			2.8750,0.2000,0.0000,0.8000,0.8000,1,2.8750,0.2000,1.3250,0.7000,0.4000,
			Intergal,0.0000,0.0000,0.0000,0.0000,0.0000,0.0000,0.0000;
SectionOffset,12,Middle,0.0000,Top,0.0000;
SectionMesh,12,0,0.1000;

Section,13,_组1_13,CONVENTIONALBOX,3.3806,6.3750,6.3750,3.5000,3.5000,0.6771,0.2800,0.4365,0.6254,0.5000,
			1,5.0500,4.5000,5.0500,5.0500,1.8000,0.8800,0.5000,0.2800,1.0000,0.5000,0.5000,0.3000,0.6000,0.3000,1.0000,0.5000,0.6000,0.3000,
			2.8750,0.2000,0.0000,0.8000,0.8000,1,2.8750,0.2000,1.3250,0.7000,0.4000,
			Intergal,0.0000,0.0000,0.0000,0.0000,0.0000,0.0000,0.0000;
SectionOffset,13,Middle,0.0000,Top,0.0000;
SectionMesh,13,0,0.1000;

Section,14,_组1_14,CONVENTIONALBOX,3.7269,6.3750,6.3750,3.5000,3.5000,0.7014,0.2800,0.4765,0.6622,0.5000,
			1,5.0500,4.5000,5.0500,5.0500,1.8000,0.8800,0.5000,0.2800,1.0000,0.5000,0.5000,0.3000,0.6000,0.3000,1.0000,0.5000,0.6000,0.3000,
			2.8750,0.2000,0.0000,0.8000,0.8000,1,2.8750,0.2000,1.3250,0.7000,0.4000,
			Intergal,0.0000,0.0000,0.0000,0.0000,0.0000,0.0000,0.0000;
SectionOffset,14,Middle,0.0000,Top,0.0000;
SectionMesh,14,0,0.1000;

Section,15,_组1_15,CONVENTIONALBOX,4.1177,6.3750,6.3750,3.5000,3.5000,0.7257,0.2800,0.5217,0.7038,0.5000,
			1,5.0500,4.5000,5.0500,5.0500,1.8000,0.8800,0.5000,0.2800,1.0000,0.5000,0.5000,0.3000,0.6000,0.3000,1.0000,0.5000,0.6000,0.3000,
			2.8750,0.2000,0.0000,0.8000,0.8000,1,2.8750,0.2000,1.3250,0.7000,0.4000,
			Intergal,0.0000,0.0000,0.0000,0.0000,0.0000,0.0000,0.0000;
SectionOffset,15,Middle,0.0000,Top,0.0000;
SectionMesh,15,0,0.1000;

Section,16,_组2_16,CONVENTIONALBOX,4.0319,6.3750,6.3750,3.5000,3.5000,0.7243,0.2800,0.5118,0.6946,0.5000,
			1,5.0500,4.5000,5.0500,5.0500,1.8000,0.8800,0.5000,0.2800,1.0000,0.5000,0.5000,0.3000,0.6000,0.3000,1.0000,0.5000,0.6000,0.3000,
			2.8750,0.2000,0.0000,0.8000,0.8000,1,2.8750,0.2000,1.3250,0.7000,0.4000,
			Intergal,0.0000,0.0000,0.0000,0.0000,0.0000,0.0000,0.0000;
SectionOffset,16,Middle,0.0000,Top,0.0000;
SectionMesh,16,0,0.1000;

Section,17,_组2_17,CONVENTIONALBOX,3.5760,6.3750,6.3750,3.5000,3.5000,0.6985,0.2800,0.4591,0.6462,0.5000,
			1,5.0500,4.5000,5.0500,5.0500,1.8000,0.8800,0.5000,0.2800,1.0000,0.5000,0.5000,0.3000,0.6000,0.3000,1.0000,0.5000,0.6000,0.3000,
			2.8750,0.2000,0.0000,0.8000,0.8000,1,2.8750,0.2000,1.3250,0.7000,0.4000,
			Intergal,0.0000,0.0000,0.0000,0.0000,0.0000,0.0000,0.0000;
SectionOffset,17,Middle,0.0000,Top,0.0000;
SectionMesh,17,0,0.1000;

Section,18,_组2_18,CONVENTIONALBOX,3.1852,6.3750,6.3750,3.5000,3.5000,0.6728,0.2800,0.4139,0.6047,0.5000,
			1,5.0500,4.5000,5.0500,5.0500,1.8000,0.8800,0.5000,0.2800,1.0000,0.5000,0.5000,0.3000,0.6000,0.3000,1.0000,0.5000,0.6000,0.3000,
			2.8750,0.2000,0.0000,0.8000,0.8000,1,2.8750,0.2000,1.3250,0.7000,0.4000,
			Intergal,0.0000,0.0000,0.0000,0.0000,0.0000,0.0000,0.0000;
SectionOffset,18,Middle,0.0000,Top,0.0000;
SectionMesh,18,0,0.1000;

Section,19,_组2_19,CONVENTIONALBOX,2.8595,6.3750,6.3750,3.5000,3.5000,0.6471,0.2800,0.3762,0.5701,0.5000,
			1,5.0500,4.5000,5.0500,5.0500,1.8000,0.8800,0.5000,0.2800,1.0000,0.5000,0.5000,0.3000,0.6000,0.3000,1.0000,0.5000,0.6000,0.3000,
			2.8750,0.2000,0.0000,0.8000,0.8000,1,2.8750,0.2000,1.3250,0.7000,0.4000,
			Intergal,0.0000,0.0000,0.0000,0.0000,0.0000,0.0000,0.0000;
SectionOffset,19,Middle,0.0000,Top,0.0000;
SectionMesh,19,0,0.1000;

Section,20,_组2_20,CONVENTIONALBOX,2.5990,6.3750,6.3750,3.5000,3.5000,0.6176,0.2800,0.3461,0.5424,0.5000,
			1,5.0500,4.5000,5.0500,5.0500,1.8000,0.8800,0.5000,0.2800,1.0000,0.5000,0.5000,0.3000,0.6000,0.3000,1.0000,0.5000,0.6000,0.3000,
			2.8750,0.2000,0.0000,0.8000,0.8000,1,2.8750,0.2000,1.3250,0.7000,0.4000,
			Intergal,0.0000,0.0000,0.0000,0.0000,0.0000,0.0000,0.0000;
SectionOffset,20,Middle,0.0000,Top,0.0000;
SectionMesh,20,0,0.1000;

Section,21,_组2_21,CONVENTIONALBOX,2.4244,6.3750,6.3750,3.5000,3.5000,0.5882,0.2800,0.3259,0.5238,0.5000,
			1,5.0500,4.5000,5.0500,5.0500,1.8000,0.8800,0.5000,0.2800,1.0000,0.5000,0.5000,0.3000,0.6000,0.3000,1.0000,0.5000,0.6000,0.3000,
			2.8750,0.2000,0.0000,0.8000,0.8000,1,2.8750,0.2000,1.3250,0.7000,0.4000,
			Intergal,0.0000,0.0000,0.0000,0.0000,0.0000,0.0000,0.0000;
SectionOffset,21,Middle,0.0000,Top,0.0000;
SectionMesh,21,0,0.1000;

Section,22,_组2_22,CONVENTIONALBOX,2.2997,6.3750,6.3750,3.5000,3.5000,0.5588,0.2800,0.3115,0.5106,0.5000,
			1,5.0500,4.5000,5.0500,5.0500,1.8000,0.8800,0.5000,0.2800,1.0000,0.5000,0.5000,0.3000,0.6000,0.3000,1.0000,0.5000,0.6000,0.3000,
			2.8750,0.2000,0.0000,0.8000,0.8000,1,2.8750,0.2000,1.3250,0.7000,0.4000,
			Intergal,0.0000,0.0000,0.0000,0.0000,0.0000,0.0000,0.0000;
SectionOffset,22,Middle,0.0000,Top,0.0000;
SectionMesh,22,0,0.1000;

Section,23,_组2_23,CONVENTIONALBOX,2.2249,6.3750,6.3750,3.5000,3.5000,0.5294,0.2800,0.3029,0.5026,0.5000,
			1,5.0500,4.5000,5.0500,5.0500,1.8000,0.8800,0.5000,0.2800,1.0000,0.5000,0.5000,0.3000,0.6000,0.3000,1.0000,0.5000,0.6000,0.3000,
			2.8750,0.2000,0.0000,0.8000,0.8000,1,2.8750,0.2000,1.3250,0.7000,0.4000,
			Intergal,0.0000,0.0000,0.0000,0.0000,0.0000,0.0000,0.0000;
SectionOffset,23,Middle,0.0000,Top,0.0000;
SectionMesh,23,0,0.1000;

Section,24,_组3_24,CONVENTIONALBOX,2.2326,6.3750,6.3750,3.5000,3.5000,0.5294,0.2800,0.3038,0.5035,0.5000,
			1,5.0500,4.5000,5.0500,5.0500,1.8000,0.8800,0.5000,0.2800,1.0000,0.5000,0.5000,0.3000,0.6000,0.3000,1.0000,0.5000,0.6000,0.3000,
			2.8750,0.2000,0.0000,0.8000,0.8000,1,2.8750,0.2000,1.3250,0.7000,0.4000,
			Intergal,0.0000,0.0000,0.0000,0.0000,0.0000,0.0000,0.0000;
SectionOffset,24,Middle,0.0000,Top,0.0000;
SectionMesh,24,0,0.1000;

Section,25,_组3_25,CONVENTIONALBOX,2.3303,6.3750,6.3750,3.5000,3.5000,0.5588,0.2800,0.3151,0.5138,0.5000,
			1,5.0500,4.5000,5.0500,5.0500,1.8000,0.8800,0.5000,0.2800,1.0000,0.5000,0.5000,0.3000,0.6000,0.3000,1.0000,0.5000,0.6000,0.3000,
			2.8750,0.2000,0.0000,0.8000,0.8000,1,2.8750,0.2000,1.3250,0.7000,0.4000,
			Intergal,0.0000,0.0000,0.0000,0.0000,0.0000,0.0000,0.0000;
SectionOffset,25,Middle,0.0000,Top,0.0000;
SectionMesh,25,0,0.1000;

Section,26,_组3_26,CONVENTIONALBOX,2.4931,6.3750,6.3750,3.5000,3.5000,0.5882,0.2800,0.3339,0.5311,0.5000,
			1,5.0500,4.5000,5.0500,5.0500,1.8000,0.8800,0.5000,0.2800,1.0000,0.5000,0.5000,0.3000,0.6000,0.3000,1.0000,0.5000,0.6000,0.3000,
			2.8750,0.2000,0.0000,0.8000,0.8000,1,2.8750,0.2000,1.3250,0.7000,0.4000,
			Intergal,0.0000,0.0000,0.0000,0.0000,0.0000,0.0000,0.0000;
SectionOffset,26,Middle,0.0000,Top,0.0000;
SectionMesh,26,0,0.1000;

Section,27,_组3_27,CONVENTIONALBOX,2.7211,6.3750,6.3750,3.5000,3.5000,0.6176,0.2800,0.3602,0.5554,0.5000,
			1,5.0500,4.5000,5.0500,5.0500,1.8000,0.8800,0.5000,0.2800,1.0000,0.5000,0.5000,0.3000,0.6000,0.3000,1.0000,0.5000,0.6000,0.3000,
			2.8750,0.2000,0.0000,0.8000,0.8000,1,2.8750,0.2000,1.3250,0.7000,0.4000,
			Intergal,0.0000,0.0000,0.0000,0.0000,0.0000,0.0000,0.0000;
SectionOffset,27,Middle,0.0000,Top,0.0000;
SectionMesh,27,0,0.1000;

Section,28,_组3_28,CONVENTIONALBOX,3.0142,6.3750,6.3750,3.5000,3.5000,0.6471,0.2800,0.3941,0.5865,0.5000,
			1,5.0500,4.5000,5.0500,5.0500,1.8000,0.8800,0.5000,0.2800,1.0000,0.5000,0.5000,0.3000,0.6000,0.3000,1.0000,0.5000,0.6000,0.3000,
			2.8750,0.2000,0.0000,0.8000,0.8000,1,2.8750,0.2000,1.3250,0.7000,0.4000,
			Intergal,0.0000,0.0000,0.0000,0.0000,0.0000,0.0000,0.0000;
SectionOffset,28,Middle,0.0000,Top,0.0000;
SectionMesh,28,0,0.1000;

Section,29,_组3_29,CONVENTIONALBOX,3.3241,6.3750,6.3750,3.5000,3.5000,0.6728,0.2800,0.4299,0.6194,0.5000,
			1,5.0500,4.5000,5.0500,5.0500,1.8000,0.8800,0.5000,0.2800,1.0000,0.5000,0.5000,0.3000,0.6000,0.3000,1.0000,0.5000,0.6000,0.3000,
			2.8750,0.2000,0.0000,0.8000,0.8000,1,2.8750,0.2000,1.3250,0.7000,0.4000,
			Intergal,0.0000,0.0000,0.0000,0.0000,0.0000,0.0000,0.0000;
SectionOffset,29,Middle,0.0000,Top,0.0000;
SectionMesh,29,0,0.1000;

Section,30,_组3_30,CONVENTIONALBOX,3.6839,6.3750,6.3750,3.5000,3.5000,0.6985,0.2800,0.4715,0.6577,0.5000,
			1,5.0500,4.5000,5.0500,5.0500,1.8000,0.8800,0.5000,0.2800,1.0000,0.5000,0.5000,0.3000,0.6000,0.3000,1.0000,0.5000,0.6000,0.3000,
			2.8750,0.2000,0.0000,0.8000,0.8000,1,2.8750,0.2000,1.3250,0.7000,0.4000,
			Intergal,0.0000,0.0000,0.0000,0.0000,0.0000,0.0000,0.0000;
SectionOffset,30,Middle,0.0000,Top,0.0000;
SectionMesh,30,0,0.1000;

Section,31,_组3_31,CONVENTIONALBOX,4.0935,6.3750,6.3750,3.5000,3.5000,0.7243,0.2800,0.5189,0.7012,0.5000,
			1,5.0500,4.5000,5.0500,5.0500,1.8000,0.8800,0.5000,0.2800,1.0000,0.5000,0.5000,0.3000,0.6000,0.3000,1.0000,0.5000,0.6000,0.3000,
			2.8750,0.2000,0.0000,0.8000,0.8000,1,2.8750,0.2000,1.3250,0.7000,0.4000,
			Intergal,0.0000,0.0000,0.0000,0.0000,0.0000,0.0000,0.0000;
SectionOffset,31,Middle,0.0000,Top,0.0000;
SectionMesh,31,0,0.1000;

Section,32,_组4_32,CONVENTIONALBOX,4.2988,6.3750,6.3750,3.5000,3.5000,0.7257,0.2800,0.5426,0.7230,0.5000,
			1,5.0500,4.5000,5.0500,5.0500,1.8000,0.8800,0.5000,0.2800,1.0000,0.5000,0.5000,0.3000,0.6000,0.3000,1.0000,0.5000,0.6000,0.3000,
			2.8750,0.2000,0.0000,0.8000,0.8000,1,2.8750,0.2000,1.3250,0.7000,0.4000,
			Intergal,0.0000,0.0000,0.0000,0.0000,0.0000,0.0000,0.0000;
SectionOffset,32,Middle,0.0000,Top,0.0000;
SectionMesh,32,0,0.1000;

Section,33,_组4_33,CONVENTIONALBOX,3.8340,6.3750,6.3750,3.5000,3.5000,0.7014,0.2800,0.4889,0.6736,0.5000,
			1,5.0500,4.5000,5.0500,5.0500,1.8000,0.8800,0.5000,0.2800,1.0000,0.5000,0.5000,0.3000,0.6000,0.3000,1.0000,0.5000,0.6000,0.3000,
			2.8750,0.2000,0.0000,0.8000,0.8000,1,2.8750,0.2000,1.3250,0.7000,0.4000,
			Intergal,0.0000,0.0000,0.0000,0.0000,0.0000,0.0000,0.0000;
SectionOffset,33,Middle,0.0000,Top,0.0000;
SectionMesh,33,0,0.1000;

Section,34,_组4_34,CONVENTIONALBOX,3.4273,6.3750,6.3750,3.5000,3.5000,0.6771,0.2800,0.4419,0.6304,0.5000,
			1,5.0500,4.5000,5.0500,5.0500,1.8000,0.8800,0.5000,0.2800,1.0000,0.5000,0.5000,0.3000,0.6000,0.3000,1.0000,0.5000,0.6000,0.3000,
			2.8750,0.2000,0.0000,0.8000,0.8000,1,2.8750,0.2000,1.3250,0.7000,0.4000,
			Intergal,0.0000,0.0000,0.0000,0.0000,0.0000,0.0000,0.0000;
SectionOffset,34,Middle,0.0000,Top,0.0000;
SectionMesh,34,0,0.1000;

Section,35,_组4_35,CONVENTIONALBOX,3.0787,6.3750,6.3750,3.5000,3.5000,0.6528,0.2800,0.4016,0.5934,0.5000,
			1,5.0500,4.5000,5.0500,5.0500,1.8000,0.8800,0.5000,0.2800,1.0000,0.5000,0.5000,0.3000,0.6000,0.3000,1.0000,0.5000,0.6000,0.3000,
			2.8750,0.2000,0.0000,0.8000,0.8000,1,2.8750,0.2000,1.3250,0.7000,0.4000,
			Intergal,0.0000,0.0000,0.0000,0.0000,0.0000,0.0000,0.0000;
SectionOffset,35,Middle,0.0000,Top,0.0000;
SectionMesh,35,0,0.1000;

Section,36,_组4_36,CONVENTIONALBOX,2.7883,6.3750,6.3750,3.5000,3.5000,0.6250,0.2800,0.3680,0.5625,0.5000,
			1,5.0500,4.5000,5.0500,5.0500,1.8000,0.8800,0.5000,0.2800,1.0000,0.5000,0.5000,0.3000,0.6000,0.3000,1.0000,0.5000,0.6000,0.3000,
			2.8750,0.2000,0.0000,0.8000,0.8000,1,2.8750,0.2000,1.3250,0.7000,0.4000,
			Intergal,0.0000,0.0000,0.0000,0.0000,0.0000,0.0000,0.0000;
SectionOffset,36,Middle,0.0000,Top,0.0000;
SectionMesh,36,0,0.1000;

Section,37,_组4_37,CONVENTIONALBOX,2.5559,6.3750,6.3750,3.5000,3.5000,0.5972,0.2800,0.3411,0.5378,0.5000,
			1,5.0500,4.5000,5.0500,5.0500,1.8000,0.8800,0.5000,0.2800,1.0000,0.5000,0.5000,0.3000,0.6000,0.3000,1.0000,0.5000,0.6000,0.3000,
			2.8750,0.2000,0.0000,0.8000,0.8000,1,2.8750,0.2000,1.3250,0.7000,0.4000,
			Intergal,0.0000,0.0000,0.0000,0.0000,0.0000,0.0000,0.0000;
SectionOffset,37,Middle,0.0000,Top,0.0000;
SectionMesh,37,0,0.1000;

Section,38,_组4_38,CONVENTIONALBOX,2.4002,6.3750,6.3750,3.5000,3.5000,0.5694,0.2800,0.3231,0.5213,0.5000,
			1,5.0500,4.5000,5.0500,5.0500,1.8000,0.8800,0.5000,0.2800,1.0000,0.5000,0.5000,0.3000,0.6000,0.3000,1.0000,0.5000,0.6000,0.3000,
			2.8750,0.2000,0.0000,0.8000,0.8000,1,2.8750,0.2000,1.3250,0.7000,0.4000,
			Intergal,0.0000,0.0000,0.0000,0.0000,0.0000,0.0000,0.0000;
SectionOffset,38,Middle,0.0000,Top,0.0000;
SectionMesh,38,0,0.1000;

Section,39,_组4_39,CONVENTIONALBOX,2.2890,6.3750,6.3750,3.5000,3.5000,0.5417,0.2800,0.3103,0.5095,0.5000,
			1,5.0500,4.5000,5.0500,5.0500,1.8000,0.8800,0.5000,0.2800,1.0000,0.5000,0.5000,0.3000,0.6000,0.3000,1.0000,0.5000,0.6000,0.3000,
			2.8750,0.2000,0.0000,0.8000,0.8000,1,2.8750,0.2000,1.3250,0.7000,0.4000,
			Intergal,0.0000,0.0000,0.0000,0.0000,0.0000,0.0000,0.0000;
SectionOffset,39,Middle,0.0000,Top,0.0000;
SectionMesh,39,0,0.1000;

Section,40,_组4_40,CONVENTIONALBOX,2.2222,6.3750,6.3750,3.5000,3.5000,0.5139,0.2800,0.3026,0.5024,0.5000,
			1,5.0500,4.5000,5.0500,5.0500,1.8000,0.8800,0.5000,0.2800,1.0000,0.5000,0.5000,0.3000,0.6000,0.3000,1.0000,0.5000,0.6000,0.3000,
			2.8750,0.2000,0.0000,0.8000,0.8000,1,2.8750,0.2000,1.3250,0.7000,0.4000,
			Intergal,0.0000,0.0000,0.0000,0.0000,0.0000,0.0000,0.0000;
SectionOffset,40,Middle,0.0000,Top,0.0000;
SectionMesh,40,0,0.1000;












































//------------------------------- NODE ----------------------------->>节点，独立属性
Node,1,0.0800,0.0000,0.0000;
Node,2,0.6800,0.0000,0.0000;
Node,3,2.0800,0.0000,0.0000;
Node,4,4.0000,0.0000,0.0000;
Node,5,6.0000,0.0000,0.0000;
Node,6,10.0000,0.0000,0.0000;
Node,7,14.0000,0.0000,0.0000;
Node,8,18.0000,0.0000,0.0000;
Node,9,22.0000,0.0000,0.0000;
Node,10,26.0000,0.0000,0.0000;
Node,11,29.5000,0.0000,0.0000;
Node,12,33.0000,0.0000,0.0000;
Node,13,36.5000,0.0000,0.0000;
Node,14,40.0000,0.0000,0.0000;
Node,15,43.0000,0.0000,0.0000;
Node,16,44.0000,0.0000,0.0000;
Node,17,45.0000,0.0000,0.0000;
Node,18,46.0000,0.0000,0.0000;
Node,19,47.0000,0.0000,0.0000;
Node,20,50.0000,0.0000,0.0000;
Node,21,53.5000,0.0000,0.0000;
Node,22,57.0000,0.0000,0.0000;
Node,23,60.5000,0.0000,0.0000;
Node,24,64.0000,0.0000,0.0000;
Node,25,68.0000,0.0000,0.0000;
Node,26,72.0000,0.0000,0.0000;
Node,27,76.0000,0.0000,0.0000;
Node,28,80.0000,0.0000,0.0000;
Node,29,84.0000,0.0000,0.0000;
Node,30,85.0000,0.0000,0.0000;
Node,31,86.0000,0.0000,0.0000;
Node,32,90.0000,0.0000,0.0000;
Node,33,94.0000,0.0000,0.0000;
Node,34,98.0000,0.0000,0.0000;
Node,35,102.0000,0.0000,0.0000;
Node,36,106.0000,0.0000,0.0000;
Node,37,109.5000,0.0000,0.0000;
Node,38,113.0000,0.0000,0.0000;
Node,39,116.5000,0.0000,0.0000;
Node,40,120.0000,0.0000,0.0000;
Node,41,123.0000,0.0000,0.0000;
Node,42,124.0000,0.0000,0.0000;
Node,43,125.0000,0.0000,0.0000;
Node,44,126.0000,0.0000,0.0000;
Node,45,127.0000,0.0000,0.0000;
Node,46,130.0000,0.0000,0.0000;
Node,47,133.5000,0.0000,0.0000;
Node,48,137.0000,0.0000,0.0000;
Node,49,140.5000,0.0000,0.0000;
Node,50,144.0000,0.0000,0.0000;
Node,51,148.0000,0.0000,0.0000;
Node,52,152.0000,0.0000,0.0000;
Node,53,156.0000,0.0000,0.0000;
Node,54,160.0000,0.0000,0.0000;
Node,55,164.0000,0.0000,0.0000;
Node,56,166.0000,0.0000,0.0000;
Node,57,167.9200,0.0000,0.0000;
Node,58,169.3200,0.0000,0.0000;
Node,59,169.9200,0.0000,0.0000;
Node,1001,0.6000,0.0000,-2.2000;
Node,1002,45.0000,0.0000,-4.8000;
Node,1003,125.0000,0.0000,-4.8000;
Node,1004,169.3200,0.0000,-2.2000;
Node,2001,0.6000,0.0000,-14.8000;
Node,2002,45.0000,0.0000,-14.8000;
Node,2003,125.0000,0.0000,-14.8000;
Node,2004,169.3200,0.0000,-14.8000;



//----------------------------- ELEMENT ---------------------------->>单元相关
Element,1,BEAM3D,1,2,1,4,4,1,1,0.000E+00,0,0.00,0;//建立单元，引用节点、材料、截面
Element,2,BEAM3D,2,3,1,4,4,1,1,0.000E+00,0,0.00,0;
Element,3,BEAM3D,3,4,1,4,3,1,1,0.000E+00,0,0.00,0;
Element,4,BEAM3D,4,5,1,3,7,1,1,0.000E+00,0,0.00,0;
Element,5,BEAM3D,5,6,1,7,8,1,1,0.000E+00,0,0.00,0;
Element,6,BEAM3D,6,7,1,8,9,1,1,0.000E+00,0,0.00,0;
Element,7,BEAM3D,7,8,1,9,10,1,1,0.000E+00,0,0.00,0;
Element,8,BEAM3D,8,9,1,10,11,1,1,0.000E+00,0,0.00,0;
Element,9,BEAM3D,9,10,1,11,12,1,1,0.000E+00,0,0.00,0;
Element,10,BEAM3D,10,11,1,12,13,1,1,0.000E+00,0,0.00,0;
Element,11,BEAM3D,11,12,1,13,14,1,1,0.000E+00,0,0.00,0;
Element,12,BEAM3D,12,13,1,14,15,1,1,0.000E+00,0,0.00,0;
Element,13,BEAM3D,13,14,1,15,2,1,1,0.000E+00,0,0.00,0;
Element,14,BEAM3D,14,15,1,2,1,1,1,0.000E+00,0,0.00,0;
Element,15,BEAM3D,15,16,1,1,1,1,1,0.000E+00,0,0.00,0;
Element,16,BEAM3D,16,17,1,1,1,1,1,0.000E+00,0,0.00,0;
Element,17,BEAM3D,17,18,1,1,1,1,1,0.000E+00,0,0.00,0;
Element,18,BEAM3D,18,19,1,1,1,1,1,0.000E+00,0,0.00,0;
Element,19,BEAM3D,19,20,1,1,2,1,1,0.000E+00,0,0.00,0;
Element,20,BEAM3D,20,21,1,2,16,1,1,0.000E+00,0,0.00,0;
Element,21,BEAM3D,21,22,1,16,17,1,1,0.000E+00,0,0.00,0;
Element,22,BEAM3D,22,23,1,17,18,1,1,0.000E+00,0,0.00,0;
Element,23,BEAM3D,23,24,1,18,19,1,1,0.000E+00,0,0.00,0;
Element,24,BEAM3D,24,25,1,19,20,1,1,0.000E+00,0,0.00,0;
Element,25,BEAM3D,25,26,1,20,21,1,1,0.000E+00,0,0.00,0;
Element,26,BEAM3D,26,27,1,21,22,1,1,0.000E+00,0,0.00,0;
Element,27,BEAM3D,27,28,1,22,23,1,1,0.000E+00,0,0.00,0;
Element,28,BEAM3D,28,29,1,23,3,1,1,0.000E+00,0,0.00,0;
Element,29,BEAM3D,29,30,1,3,3,1,1,0.000E+00,0,0.00,0;
Element,30,BEAM3D,30,31,1,3,3,1,1,0.000E+00,0,0.00,0;
Element,31,BEAM3D,31,32,1,3,24,1,1,0.000E+00,0,0.00,0;
Element,32,BEAM3D,32,33,1,24,25,1,1,0.000E+00,0,0.00,0;
Element,33,BEAM3D,33,34,1,25,26,1,1,0.000E+00,0,0.00,0;
Element,34,BEAM3D,34,35,1,26,27,1,1,0.000E+00,0,0.00,0;
Element,35,BEAM3D,35,36,1,27,28,1,1,0.000E+00,0,0.00,0;
Element,36,BEAM3D,36,37,1,28,29,1,1,0.000E+00,0,0.00,0;
Element,37,BEAM3D,37,38,1,29,30,1,1,0.000E+00,0,0.00,0;
Element,38,BEAM3D,38,39,1,30,31,1,1,0.000E+00,0,0.00,0;
Element,39,BEAM3D,39,40,1,31,2,1,1,0.000E+00,0,0.00,0;
Element,40,BEAM3D,40,41,1,2,1,1,1,0.000E+00,0,0.00,0;
Element,41,BEAM3D,41,42,1,1,1,1,1,0.000E+00,0,0.00,0;
Element,42,BEAM3D,42,43,1,1,1,1,1,0.000E+00,0,0.00,0;
Element,43,BEAM3D,43,44,1,1,1,1,1,0.000E+00,0,0.00,0;
Element,44,BEAM3D,44,45,1,1,1,1,1,0.000E+00,0,0.00,0;
Element,45,BEAM3D,45,46,1,1,2,1,1,0.000E+00,0,0.00,0;
Element,46,BEAM3D,46,47,1,2,32,1,1,0.000E+00,0,0.00,0;
Element,47,BEAM3D,47,48,1,32,33,1,1,0.000E+00,0,0.00,0;
Element,48,BEAM3D,48,49,1,33,34,1,1,0.000E+00,0,0.00,0;
Element,49,BEAM3D,49,50,1,34,35,1,1,0.000E+00,0,0.00,0;
Element,50,BEAM3D,50,51,1,35,36,1,1,0.000E+00,0,0.00,0;
Element,51,BEAM3D,51,52,1,36,37,1,1,0.000E+00,0,0.00,0;
Element,52,BEAM3D,52,53,1,37,38,1,1,0.000E+00,0,0.00,0;
Element,53,BEAM3D,53,54,1,38,39,1,1,0.000E+00,0,0.00,0;
Element,54,BEAM3D,54,55,1,39,40,1,1,0.000E+00,0,0.00,0;
Element,55,BEAM3D,55,56,1,40,3,1,1,0.000E+00,0,0.00,0;
Element,56,BEAM3D,56,57,1,3,4,1,1,0.000E+00,0,0.00,0;
Element,57,BEAM3D,57,58,1,4,4,1,1,0.000E+00,0,0.00,0;
Element,58,BEAM3D,58,59,1,4,4,1,1,0.000E+00,0,0.00,0;
Element,1001,BEAM3D,2001,1001,1,5,5,1,1,0.000E+00,0,0.00,0;
Element,1002,BEAM3D,2002,1002,1,6,6,1,1,0.000E+00,0,0.00,0;
Element,1003,BEAM3D,2003,1003,1,6,6,1,1,0.000E+00,0,0.00,0;
Element,1004,BEAM3D,2004,1004,1,5,5,1,1,0.000E+00,0,0.00,0;


AsgnCompThk,6.790E-01,a,21;//理论厚度，引用单元标号
AsgnCompThk,6.079E-01,a,9,50;
AsgnCompThk,7.246E-01,a,46;
AsgnCompThk,6.497E-01,a,1to2,57to58;
AsgnCompThk,7.190E-01,a,13;
AsgnCompThk,5.551E-01,a,6;
AsgnCompThk,5.943E-01,a,3,56;
AsgnCompThk,5.454E-01,a,5;
AsgnCompThk,5.402E-01,a,4;
AsgnCompThk,5.686E-01,a,7;
AsgnCompThk,5.862E-01,a,8,51;
AsgnCompThk,6.958E-01,a,47;
AsgnCompThk,6.579E-01,a,11;
AsgnCompThk,6.320E-01,a,10;
AsgnCompThk,5.389E-01,a,29to30;
AsgnCompThk,6.869E-01,a,12;
AsgnCompThk,2.560E+00,a,1002to1003;
AsgnCompThk,8.105E-01,a,14,19,40,45;
AsgnCompThk,8.853E-01,a,15to18,41to44;
AsgnCompThk,7.162E-01,a,20;
AsgnCompThk,6.462E-01,a,22;
AsgnCompThk,6.179E-01,a,23;
AsgnCompThk,1.584E+00,a,1001,1004;
AsgnCompThk,5.691E-01,a,52;
AsgnCompThk,5.507E-01,a,32;
AsgnCompThk,5.938E-01,a,24;
AsgnCompThk,5.746E-01,a,25;
AsgnCompThk,5.465E-01,a,54;
AsgnCompThk,5.806E-01,a,34;
AsgnCompThk,5.603E-01,a,26;
AsgnCompThk,5.495E-01,a,27;
AsgnCompThk,5.419E-01,a,28;
AsgnCompThk,7.181E-01,a,39;
AsgnCompThk,5.422E-01,a,31;
AsgnCompThk,5.634E-01,a,33;
AsgnCompThk,6.025E-01,a,35;
AsgnCompThk,6.271E-01,a,36;
AsgnCompThk,6.539E-01,a,37;
AsgnCompThk,6.843E-01,a,38;
AsgnCompThk,6.627E-01,a,48;
AsgnCompThk,6.335E-01,a,49;
AsgnCompThk,5.563E-01,a,53;
AsgnCompThk,5.406E-01,a,55;



EleGrp,0_号块,c;//建立单元组名字
EleGrp,0_号块,a,14to19,40to45;//往单元组里面加数据，引用单元号，单元组名

EleGrp,11_边跨现浇段,c;
EleGrp,11_边跨现浇段,a,1to3,56to58;
EleGrp,12_边跨合拢段,c;
EleGrp,12_边跨合拢段,a,4,55;
EleGrp,13_中跨合拢段,c;
EleGrp,13_中跨合拢段,a,29to30;
EleGrp,1_号块,c;
EleGrp,1_号块,a,13,20,39,46;
EleGrp,2_号块,c;
EleGrp,2_号块,a,12,21,38,47;
EleGrp,3_号块,c;
EleGrp,3_号块,a,11,22,37,48;
EleGrp,4_号块,c;
EleGrp,4_号块,a,10,23,36,49;
EleGrp,5_号块,c;
EleGrp,5_号块,a,9,24,35,50;
EleGrp,6_号块,c;
EleGrp,6_号块,a,8,25,34,51;
EleGrp,7_号块,c;
EleGrp,7_号块,a,7,26,33,52;
EleGrp,8_号块,c;
EleGrp,8_号块,a,6,27,32,53;
EleGrp,9_号块,c;
EleGrp,9_号块,a,5,28,31,54;
EleGrp,BD刚束单元组1,c;
EleGrp,BD刚束单元组1,a,1to7;
EleGrp,BD刚束单元组2,c;
EleGrp,BD刚束单元组2,a,1to8;
EleGrp,BD刚束单元组3,c;
EleGrp,BD刚束单元组3,a,1to9;
EleGrp,BT刚束单元组1,c;
EleGrp,BT刚束单元组1,a,1to5;
EleGrp,BT刚束单元组2,c;
EleGrp,BT刚束单元组2,a,1to6;
EleGrp,BT刚束单元组3,c;
EleGrp,BT刚束单元组3,a,1to7;
EleGrp,ZT刚束单元组,c;
EleGrp,ZT刚束单元组,a,27to32;
EleGrp,钢束单元组F0,c;
EleGrp,钢束单元组F0,a,14to19;
EleGrp,钢束单元组F1,c;
EleGrp,钢束单元组F1,a,13to20;
EleGrp,钢束单元组F2,c;
EleGrp,钢束单元组F2,a,12to21;
EleGrp,钢束单元组F3,c;
EleGrp,钢束单元组F3,a,11to22;
EleGrp,钢束单元组F4,c;
EleGrp,钢束单元组F4,a,10to23;
EleGrp,钢束单元组F5,c;
EleGrp,钢束单元组F5,a,9to24;
EleGrp,钢束单元组F6,c;
EleGrp,钢束单元组F6,a,8to25;
EleGrp,钢束单元组F7,c;
EleGrp,钢束单元组F7,a,7to26;
EleGrp,钢束单元组F8,c;
EleGrp,钢束单元组F8,a,6to27;
EleGrp,钢束单元组F9,c;
EleGrp,钢束单元组F9,a,5to28;
EleGrp,跨中底板刚束单元组1,c;
EleGrp,跨中底板刚束单元组1,a,28to31;
EleGrp,跨中底板刚束单元组2,c;
EleGrp,跨中底板刚束单元组2,a,27to32;
EleGrp,跨中底板刚束单元组3,c;
EleGrp,跨中底板刚束单元组3,a,26to33;
EleGrp,跨中底板刚束单元组4,c;
EleGrp,跨中底板刚束单元组4,a,25to34;
EleGrp,跨中底板刚束单元组5,c;
EleGrp,跨中底板刚束单元组5,a,24to35;
EleGrp,跨中底板刚束单元组6,c;
EleGrp,跨中底板刚束单元组6,a,23to36;
EleGrp,跨中底板刚束单元组7,c;
EleGrp,跨中底板刚束单元组7,a,22to37;
EleGrp,跨中底板刚束单元组8,c;
EleGrp,跨中底板刚束单元组8,a,21to38;
EleGrp,桥墩,c;
EleGrp,桥墩,a,1001to1004;
EleGrp,上部主梁单元组,c;
EleGrp,上部主梁单元组,a,1to58;
EleGrp,右侧_BD刚束单元组1,c;
EleGrp,右侧_BD刚束单元组1,a,52to58;
EleGrp,右侧_BD刚束单元组2,c;
EleGrp,右侧_BD刚束单元组2,a,51to58;
EleGrp,右侧_BD刚束单元组3,c;
EleGrp,右侧_BD刚束单元组3,a,50to58;
EleGrp,右侧_BT刚束单元组1,c;
EleGrp,右侧_BT刚束单元组1,a,54to58;
EleGrp,右侧_BT刚束单元组2,c;
EleGrp,右侧_BT刚束单元组2,a,53to58;
EleGrp,右侧_BT刚束单元组3,c;
EleGrp,右侧_BT刚束单元组3,a,52to58;
EleGrp,右侧_钢束单元组F0,c;
EleGrp,右侧_钢束单元组F0,a,40to45;
EleGrp,右侧_钢束单元组F1,c;
EleGrp,右侧_钢束单元组F1,a,39to46;
EleGrp,右侧_钢束单元组F2,c;
EleGrp,右侧_钢束单元组F2,a,38to47;
EleGrp,右侧_钢束单元组F3,c;
EleGrp,右侧_钢束单元组F3,a,37to48;
EleGrp,右侧_钢束单元组F4,c;
EleGrp,右侧_钢束单元组F4,a,36to49;
EleGrp,右侧_钢束单元组F5,c;
EleGrp,右侧_钢束单元组F5,a,35to50;
EleGrp,右侧_钢束单元组F6,c;
EleGrp,右侧_钢束单元组F6,a,34to51;
EleGrp,右侧_钢束单元组F7,c;
EleGrp,右侧_钢束单元组F7,a,33to52;
EleGrp,右侧_钢束单元组F8,c;
EleGrp,右侧_钢束单元组F8,a,32to53;
EleGrp,右侧_钢束单元组F9,c;
EleGrp,右侧_钢束单元组F9,a,31to54;



//----------------------------- BOUNDARY --------------------------->>边界相关
Boundary,1,GENERAL,,1,1,1,1,1,1,1;//建立边界，GENERAL类型
AsgnBd,1,a,2001to2004;//往边界施加对象，引用边界号，该类型引用节点号

//Boundary,2,MSTSLV,1001,0,1,1,1,0,1;
//AsgnBd,2,a,2;

Boundary,3,MSTSLV,1002,1,1,1,1,0,1;//建立边界，MSTSLV类型，该类型会引用节点号，为主节点
AsgnBd,3,a,17;//往边界施加对象，引用边界号，该类型引用节点号，为从节点

Boundary,4,MSTSLV,1003,0,1,1,1,0,1;
AsgnBd,4,a,43;

//Boundary,5,MSTSLV,1004,0,1,1,1,0,1;
//AsgnBd,5,a,58;

Boundary,6,MSTSLV,1002,1,1,1,1,1,1;
AsgnBd,6,a,16,18;

Boundary,7,MSTSLV,1003,1,1,1,1,1,1;
AsgnBd,7,a,42,44;


Boundary,8,MSTSLV,1001,0,1,1,1,0,1;
AsgnBd,8,a,2;

Boundary,9,MSTSLV,1004,0,1,1,1,0,1;
AsgnBd,9,a,58;


BdGrp,边墩临时支持,c;//建立边界组名字
BdGrp,边墩临时支持,a,8,9;//往边界组里面加数据，引用边界号，边界组组名
BdGrp,成桥支座,c;
BdGrp,成桥支座,a,2to5;
BdGrp,墩底固结,c;
BdGrp,墩底固结,a,1;
BdGrp,主墩临时支持,c;
BdGrp,主墩临时支持,a,6,7;



//----------------------------- LOADCASE --------------------------->>荷载相关

TdProp,15-19,IN,2,1,GBT5224_2014,15.2,19,1.0000E-01,1.7000E-01,1.5000E-03,6.0000E-03,6.0000E-03,1.0000E+00,3.0000E-01;//定义钢束属性，引用材料号


TdShape,BD1-1,2,15-19,BD刚束单元组1,ARC3D,BD1;//定义钢束形状，引用钢束样条曲线号，单元组名，钢束属性
LayoutTS,BD1-1,ELEMENT,1,0,0,0.000000E+00,0.000000E+00,0.000000E+00;//布置钢束至指定位置，引用钢束形状名，单元号


TdShape,BD1-2,2,15-19,右侧_BD刚束单元组1,ARC3D,BD1;
LayoutTS,BD1-2,ELEMENT,58,1,1,0.000000E+00,0.000000E+00,0.000000E+00;
TdShape,BD2-1,2,15-19,BD刚束单元组2,ARC3D,BD2;
LayoutTS,BD2-1,ELEMENT,1,0,0,0.000000E+00,0.000000E+00,0.000000E+00;
TdShape,BD2-2,2,15-19,右侧_BD刚束单元组2,ARC3D,BD2;
LayoutTS,BD2-2,ELEMENT,58,1,1,0.000000E+00,0.000000E+00,0.000000E+00;
TdShape,BD3-1,2,15-19,BD刚束单元组3,ARC3D,BD3;
LayoutTS,BD3-1,ELEMENT,1,0,0,0.000000E+00,0.000000E+00,0.000000E+00;
TdShape,BD3-2,2,15-19,右侧_BD刚束单元组3,ARC3D,BD3;
LayoutTS,BD3-2,ELEMENT,58,1,1,0.000000E+00,0.000000E+00,0.000000E+00;
TdShape,BT1-1,2,15-19,BT刚束单元组1,ARC3D,BT1;
LayoutTS,BT1-1,ELEMENT,1,0,0,0.000000E+00,0.000000E+00,0.000000E+00;
TdShape,BT1-2,2,15-19,右侧_BT刚束单元组1,ARC3D,BT1;
LayoutTS,BT1-2,ELEMENT,58,1,1,0.000000E+00,0.000000E+00,0.000000E+00;
TdShape,BT2-1,2,15-19,BT刚束单元组2,ARC3D,BT2;
LayoutTS,BT2-1,ELEMENT,1,0,0,0.000000E+00,0.000000E+00,0.000000E+00;
TdShape,BT2-2,2,15-19,右侧_BT刚束单元组2,ARC3D,BT2;
LayoutTS,BT2-2,ELEMENT,58,1,1,0.000000E+00,0.000000E+00,0.000000E+00;
TdShape,BT3-1,2,15-19,BT刚束单元组3,ARC3D,BT3;
LayoutTS,BT3-1,ELEMENT,1,0,0,0.000000E+00,0.000000E+00,0.000000E+00;
TdShape,BT3-2,2,15-19,右侧_BT刚束单元组3,ARC3D,BT3;
LayoutTS,BT3-2,ELEMENT,58,1,1,0.000000E+00,0.000000E+00,0.000000E+00;
TdShape,F0-1,2,15-19,钢束单元组F0,ARC3D,F0;
LayoutTS,F0-1,ELEMENT,17,0,0,0.000000E+00,0.000000E+00,0.000000E+00;
TdShape,F0-2,2,15-19,右侧_钢束单元组F0,ARC3D,F0;
LayoutTS,F0-2,ELEMENT,43,0,0,0.000000E+00,0.000000E+00,0.000000E+00;
TdShape,F1-1,2,15-19,钢束单元组F1,ARC3D,F1;
LayoutTS,F1-1,ELEMENT,17,0,0,0.000000E+00,0.000000E+00,0.000000E+00;
TdShape,F1-2,2,15-19,右侧_钢束单元组F1,ARC3D,F1;
LayoutTS,F1-2,ELEMENT,43,0,0,0.000000E+00,0.000000E+00,0.000000E+00;
TdShape,F2-1,2,15-19,钢束单元组F2,ARC3D,F2;
LayoutTS,F2-1,ELEMENT,17,0,0,0.000000E+00,0.000000E+00,0.000000E+00;
TdShape,F2-2,2,15-19,右侧_钢束单元组F2,ARC3D,F2;
LayoutTS,F2-2,ELEMENT,43,0,0,0.000000E+00,0.000000E+00,0.000000E+00;
TdShape,F3-1,2,15-19,钢束单元组F3,ARC3D,F3;
LayoutTS,F3-1,ELEMENT,17,0,0,0.000000E+00,0.000000E+00,0.000000E+00;
TdShape,F3-2,2,15-19,右侧_钢束单元组F3,ARC3D,F3;
LayoutTS,F3-2,ELEMENT,43,0,0,0.000000E+00,0.000000E+00,0.000000E+00;
TdShape,F4-1,2,15-19,钢束单元组F4,ARC3D,F4;
LayoutTS,F4-1,ELEMENT,17,0,0,0.000000E+00,0.000000E+00,0.000000E+00;
TdShape,F4-2,2,15-19,右侧_钢束单元组F4,ARC3D,F4;
LayoutTS,F4-2,ELEMENT,43,0,0,0.000000E+00,0.000000E+00,0.000000E+00;
TdShape,F5-1,2,15-19,钢束单元组F5,ARC3D,F5;
LayoutTS,F5-1,ELEMENT,17,0,0,0.000000E+00,0.000000E+00,0.000000E+00;
TdShape,F5-2,2,15-19,右侧_钢束单元组F5,ARC3D,F5;
LayoutTS,F5-2,ELEMENT,43,0,0,0.000000E+00,0.000000E+00,0.000000E+00;
TdShape,F6-1,2,15-19,钢束单元组F6,ARC3D,F6;
LayoutTS,F6-1,ELEMENT,17,0,0,0.000000E+00,0.000000E+00,0.000000E+00;
TdShape,F6-2,2,15-19,右侧_钢束单元组F6,ARC3D,F6;
LayoutTS,F6-2,ELEMENT,43,0,0,0.000000E+00,0.000000E+00,0.000000E+00;
TdShape,F7-1,2,15-19,钢束单元组F7,ARC3D,F7;
LayoutTS,F7-1,ELEMENT,17,0,0,0.000000E+00,0.000000E+00,0.000000E+00;
TdShape,F7-2,2,15-19,右侧_钢束单元组F7,ARC3D,F7;
LayoutTS,F7-2,ELEMENT,43,0,0,0.000000E+00,0.000000E+00,0.000000E+00;
TdShape,F8-1,2,15-19,钢束单元组F8,ARC3D,F8;
LayoutTS,F8-1,ELEMENT,17,0,0,0.000000E+00,0.000000E+00,0.000000E+00;
TdShape,F8-2,2,15-19,右侧_钢束单元组F8,ARC3D,F8;
LayoutTS,F8-2,ELEMENT,43,0,0,0.000000E+00,0.000000E+00,0.000000E+00;
TdShape,T0-1,2,15-19,钢束单元组F0,ARC3D,T0;
LayoutTS,T0-1,ELEMENT,17,0,0,0.000000E+00,0.000000E+00,0.000000E+00;
TdShape,T0-2,2,15-19,右侧_钢束单元组F0,ARC3D,T0;
LayoutTS,T0-2,ELEMENT,43,0,0,0.000000E+00,0.000000E+00,0.000000E+00;
TdShape,T1-1,2,15-19,钢束单元组F1,ARC3D,T1;
LayoutTS,T1-1,ELEMENT,17,0,0,0.000000E+00,0.000000E+00,0.000000E+00;
TdShape,T1-2,2,15-19,右侧_钢束单元组F1,ARC3D,T1;
LayoutTS,T1-2,ELEMENT,43,0,0,0.000000E+00,0.000000E+00,0.000000E+00;
TdShape,T2-1,2,15-19,钢束单元组F2,ARC3D,T2;
LayoutTS,T2-1,ELEMENT,17,0,0,0.000000E+00,0.000000E+00,0.000000E+00;
TdShape,T2-2,2,15-19,右侧_钢束单元组F2,ARC3D,T2;
LayoutTS,T2-2,ELEMENT,43,0,0,0.000000E+00,0.000000E+00,0.000000E+00;
TdShape,T3-1,2,15-19,钢束单元组F3,ARC3D,T3;
LayoutTS,T3-1,ELEMENT,17,0,0,0.000000E+00,0.000000E+00,0.000000E+00;
TdShape,T3-2,2,15-19,右侧_钢束单元组F3,ARC3D,T3;
LayoutTS,T3-2,ELEMENT,43,0,0,0.000000E+00,0.000000E+00,0.000000E+00;
TdShape,T4-1,2,15-19,钢束单元组F4,ARC3D,T4;
LayoutTS,T4-1,ELEMENT,17,0,0,0.000000E+00,0.000000E+00,0.000000E+00;
TdShape,T4-2,2,15-19,右侧_钢束单元组F4,ARC3D,T4;
LayoutTS,T4-2,ELEMENT,43,0,0,0.000000E+00,0.000000E+00,0.000000E+00;
TdShape,T5-1,2,15-19,钢束单元组F5,ARC3D,T5;
LayoutTS,T5-1,ELEMENT,17,0,0,0.000000E+00,0.000000E+00,0.000000E+00;
TdShape,T5-2,2,15-19,右侧_钢束单元组F5,ARC3D,T5;
LayoutTS,T5-2,ELEMENT,43,0,0,0.000000E+00,0.000000E+00,0.000000E+00;
TdShape,T6-1,2,15-19,钢束单元组F6,ARC3D,T6;
LayoutTS,T6-1,ELEMENT,17,0,0,0.000000E+00,0.000000E+00,0.000000E+00;
TdShape,T6-2,2,15-19,右侧_钢束单元组F6,ARC3D,T6;
LayoutTS,T6-2,ELEMENT,43,0,0,0.000000E+00,0.000000E+00,0.000000E+00;
TdShape,T7-1,2,15-19,钢束单元组F7,ARC3D,T7;
LayoutTS,T7-1,ELEMENT,17,0,0,0.000000E+00,0.000000E+00,0.000000E+00;
TdShape,T7-2,2,15-19,右侧_钢束单元组F7,ARC3D,T7;
LayoutTS,T7-2,ELEMENT,43,0,0,0.000000E+00,0.000000E+00,0.000000E+00;
TdShape,T8-1,2,15-19,钢束单元组F8,ARC3D,T8;
LayoutTS,T8-1,ELEMENT,17,0,0,0.000000E+00,0.000000E+00,0.000000E+00;
TdShape,T8-2,2,15-19,右侧_钢束单元组F8,ARC3D,T8;
LayoutTS,T8-2,ELEMENT,43,0,0,0.000000E+00,0.000000E+00,0.000000E+00;
TdShape,T9-1,2,15-19,钢束单元组F9,ARC3D,T9;
LayoutTS,T9-1,ELEMENT,17,0,0,0.000000E+00,0.000000E+00,0.000000E+00;
TdShape,T9-2,2,15-19,右侧_钢束单元组F9,ARC3D,T9;
LayoutTS,T9-2,ELEMENT,43,0,0,0.000000E+00,0.000000E+00,0.000000E+00;
TdShape,Z1-1,2,15-19,跨中底板刚束单元组1,ARC3D,Z1;
LayoutTS,Z1-1,ELEMENT,29,0,0,0.000000E+00,0.000000E+00,0.000000E+00;
TdShape,Z2-1,2,15-19,跨中底板刚束单元组2,ARC3D,Z2;
LayoutTS,Z2-1,ELEMENT,29,0,0,0.000000E+00,0.000000E+00,0.000000E+00;
TdShape,Z3-1,2,15-19,跨中底板刚束单元组3,ARC3D,Z3;
LayoutTS,Z3-1,ELEMENT,29,0,0,0.000000E+00,0.000000E+00,0.000000E+00;
TdShape,Z4-1,2,15-19,跨中底板刚束单元组4,ARC3D,Z4;
LayoutTS,Z4-1,ELEMENT,29,0,0,0.000000E+00,0.000000E+00,0.000000E+00;
TdShape,Z5-1,2,15-19,跨中底板刚束单元组5,ARC3D,Z5;
LayoutTS,Z5-1,ELEMENT,29,0,0,0.000000E+00,0.000000E+00,0.000000E+00;
TdShape,Z6-1,2,15-19,跨中底板刚束单元组6,ARC3D,Z6;
LayoutTS,Z6-1,ELEMENT,29,0,0,0.000000E+00,0.000000E+00,0.000000E+00;
TdShape,Z7-1,2,15-19,跨中底板刚束单元组7,ARC3D,Z7;
LayoutTS,Z7-1,ELEMENT,29,0,0,0.000000E+00,0.000000E+00,0.000000E+00;
TdShape,Z8-1,2,15-19,跨中底板刚束单元组8,ARC3D,Z8;
LayoutTS,Z8-1,ELEMENT,29,0,0,0.000000E+00,0.000000E+00,0.000000E+00;
TdShape,ZT-1,2,15-19,ZT刚束单元组,ARC3D,ZT;
LayoutTS,ZT-1,ELEMENT,29,0,0,0.000000E+00,0.000000E+00,0.000000E+00;



LoadCase,边跨预应力1,CS,1.00000E+00;//创建荷载组，独立名称
Load,PST,边跨预应力1,BD1-1,BOTH,ST,1.395000E+09,1.395000E+09;//给荷载组添加荷载，引用荷载组名，该类型引用钢束名
Load,PST,边跨预应力1,BD2-1,BOTH,ST,1.395000E+09,1.395000E+09;
Load,PST,边跨预应力1,BD3-1,BOTH,ST,1.395000E+09,1.395000E+09;
Load,PST,边跨预应力1,BT1-1,BOTH,ST,1.395000E+09,1.395000E+09;
Load,PST,边跨预应力1,BT2-1,BOTH,ST,1.395000E+09,1.395000E+09;
Load,PST,边跨预应力1,BT3-1,BOTH,ST,1.395000E+09,1.395000E+09;


LoadCase,边跨预应力2,CS,1.00000E+00;
Load,PST,边跨预应力2,BD1-2,BOTH,ST,1.395000E+09,1.395000E+09;
Load,PST,边跨预应力2,BD2-2,BOTH,ST,1.395000E+09,1.395000E+09;
Load,PST,边跨预应力2,BD3-2,BOTH,ST,1.395000E+09,1.395000E+09;
Load,PST,边跨预应力2,BT1-2,BOTH,ST,1.395000E+09,1.395000E+09;
Load,PST,边跨预应力2,BT2-2,BOTH,ST,1.395000E+09,1.395000E+09;
Load,PST,边跨预应力2,BT3-2,BOTH,ST,1.395000E+09,1.395000E+09;


LoadCase,二期1,D,1.00000E+00;
Load,NFORCE,二期1,1,0.0000E+00,0.0000E+00,-8.1670E+04,0.0000E+00,0.0000E+00,0.0000E+00;//给荷载组添加荷载，引用荷载组名，该类型引用节点号
Load,NFORCE,二期1,2,0.0000E+00,0.0000E+00,-8.1670E+04,0.0000E+00,0.0000E+00,0.0000E+00;
Load,NFORCE,二期1,3,0.0000E+00,0.0000E+00,-8.1670E+04,0.0000E+00,0.0000E+00,0.0000E+00;
Load,NFORCE,二期1,4,0.0000E+00,0.0000E+00,-8.1670E+04,0.0000E+00,0.0000E+00,0.0000E+00;
Load,NFORCE,二期1,5,0.0000E+00,0.0000E+00,-8.1670E+04,0.0000E+00,0.0000E+00,0.0000E+00;
Load,NFORCE,二期1,6,0.0000E+00,0.0000E+00,-8.1670E+04,0.0000E+00,0.0000E+00,0.0000E+00;
Load,NFORCE,二期1,7,0.0000E+00,0.0000E+00,-8.1670E+04,0.0000E+00,0.0000E+00,0.0000E+00;
Load,NFORCE,二期1,8,0.0000E+00,0.0000E+00,-8.1670E+04,0.0000E+00,0.0000E+00,0.0000E+00;
Load,NFORCE,二期1,9,0.0000E+00,0.0000E+00,-8.1670E+04,0.0000E+00,0.0000E+00,0.0000E+00;
Load,NFORCE,二期1,10,0.0000E+00,0.0000E+00,-8.1670E+04,0.0000E+00,0.0000E+00,0.0000E+00;
Load,NFORCE,二期1,11,0.0000E+00,0.0000E+00,-8.1670E+04,0.0000E+00,0.0000E+00,0.0000E+00;
Load,NFORCE,二期1,12,0.0000E+00,0.0000E+00,-8.1670E+04,0.0000E+00,0.0000E+00,0.0000E+00;
Load,NFORCE,二期1,13,0.0000E+00,0.0000E+00,-8.1670E+04,0.0000E+00,0.0000E+00,0.0000E+00;
Load,NFORCE,二期1,14,0.0000E+00,0.0000E+00,-8.1670E+04,0.0000E+00,0.0000E+00,0.0000E+00;
Load,NFORCE,二期1,15,0.0000E+00,0.0000E+00,-8.1670E+04,0.0000E+00,0.0000E+00,0.0000E+00;
Load,NFORCE,二期1,16,0.0000E+00,0.0000E+00,-8.1670E+04,0.0000E+00,0.0000E+00,0.0000E+00;
Load,NFORCE,二期1,17,0.0000E+00,0.0000E+00,-8.1670E+04,0.0000E+00,0.0000E+00,0.0000E+00;
Load,NFORCE,二期1,18,0.0000E+00,0.0000E+00,-8.1670E+04,0.0000E+00,0.0000E+00,0.0000E+00;
Load,NFORCE,二期1,19,0.0000E+00,0.0000E+00,-8.1670E+04,0.0000E+00,0.0000E+00,0.0000E+00;
Load,NFORCE,二期1,20,0.0000E+00,0.0000E+00,-8.1670E+04,0.0000E+00,0.0000E+00,0.0000E+00;
Load,NFORCE,二期1,21,0.0000E+00,0.0000E+00,-8.1670E+04,0.0000E+00,0.0000E+00,0.0000E+00;
Load,NFORCE,二期1,22,0.0000E+00,0.0000E+00,-8.1670E+04,0.0000E+00,0.0000E+00,0.0000E+00;
Load,NFORCE,二期1,23,0.0000E+00,0.0000E+00,-8.1670E+04,0.0000E+00,0.0000E+00,0.0000E+00;
Load,NFORCE,二期1,24,0.0000E+00,0.0000E+00,-8.1670E+04,0.0000E+00,0.0000E+00,0.0000E+00;
Load,NFORCE,二期1,25,0.0000E+00,0.0000E+00,-8.1670E+04,0.0000E+00,0.0000E+00,0.0000E+00;
Load,NFORCE,二期1,26,0.0000E+00,0.0000E+00,-8.1670E+04,0.0000E+00,0.0000E+00,0.0000E+00;
Load,NFORCE,二期1,27,0.0000E+00,0.0000E+00,-8.1670E+04,0.0000E+00,0.0000E+00,0.0000E+00;
Load,NFORCE,二期1,28,0.0000E+00,0.0000E+00,-8.1670E+04,0.0000E+00,0.0000E+00,0.0000E+00;
Load,NFORCE,二期1,29,0.0000E+00,0.0000E+00,-8.1670E+04,0.0000E+00,0.0000E+00,0.0000E+00;
Load,NFORCE,二期1,30,0.0000E+00,0.0000E+00,-8.1670E+04,0.0000E+00,0.0000E+00,0.0000E+00;
Load,NFORCE,二期1,31,0.0000E+00,0.0000E+00,-8.1670E+04,0.0000E+00,0.0000E+00,0.0000E+00;
Load,NFORCE,二期1,32,0.0000E+00,0.0000E+00,-8.1670E+04,0.0000E+00,0.0000E+00,0.0000E+00;
Load,NFORCE,二期1,33,0.0000E+00,0.0000E+00,-8.1670E+04,0.0000E+00,0.0000E+00,0.0000E+00;
Load,NFORCE,二期1,34,0.0000E+00,0.0000E+00,-8.1670E+04,0.0000E+00,0.0000E+00,0.0000E+00;
Load,NFORCE,二期1,35,0.0000E+00,0.0000E+00,-8.1670E+04,0.0000E+00,0.0000E+00,0.0000E+00;
Load,NFORCE,二期1,36,0.0000E+00,0.0000E+00,-8.1670E+04,0.0000E+00,0.0000E+00,0.0000E+00;
Load,NFORCE,二期1,37,0.0000E+00,0.0000E+00,-8.1670E+04,0.0000E+00,0.0000E+00,0.0000E+00;
Load,NFORCE,二期1,38,0.0000E+00,0.0000E+00,-8.1670E+04,0.0000E+00,0.0000E+00,0.0000E+00;
Load,NFORCE,二期1,39,0.0000E+00,0.0000E+00,-8.1670E+04,0.0000E+00,0.0000E+00,0.0000E+00;
Load,NFORCE,二期1,40,0.0000E+00,0.0000E+00,-8.1670E+04,0.0000E+00,0.0000E+00,0.0000E+00;
Load,NFORCE,二期1,41,0.0000E+00,0.0000E+00,-8.1670E+04,0.0000E+00,0.0000E+00,0.0000E+00;
Load,NFORCE,二期1,42,0.0000E+00,0.0000E+00,-8.1670E+04,0.0000E+00,0.0000E+00,0.0000E+00;
Load,NFORCE,二期1,43,0.0000E+00,0.0000E+00,-8.1670E+04,0.0000E+00,0.0000E+00,0.0000E+00;
Load,NFORCE,二期1,44,0.0000E+00,0.0000E+00,-8.1670E+04,0.0000E+00,0.0000E+00,0.0000E+00;
Load,NFORCE,二期1,45,0.0000E+00,0.0000E+00,-8.1670E+04,0.0000E+00,0.0000E+00,0.0000E+00;
Load,NFORCE,二期1,46,0.0000E+00,0.0000E+00,-8.1670E+04,0.0000E+00,0.0000E+00,0.0000E+00;
Load,NFORCE,二期1,47,0.0000E+00,0.0000E+00,-8.1670E+04,0.0000E+00,0.0000E+00,0.0000E+00;
Load,NFORCE,二期1,48,0.0000E+00,0.0000E+00,-8.1670E+04,0.0000E+00,0.0000E+00,0.0000E+00;
Load,NFORCE,二期1,49,0.0000E+00,0.0000E+00,-8.1670E+04,0.0000E+00,0.0000E+00,0.0000E+00;
Load,NFORCE,二期1,50,0.0000E+00,0.0000E+00,-8.1670E+04,0.0000E+00,0.0000E+00,0.0000E+00;
Load,NFORCE,二期1,51,0.0000E+00,0.0000E+00,-8.1670E+04,0.0000E+00,0.0000E+00,0.0000E+00;
Load,NFORCE,二期1,52,0.0000E+00,0.0000E+00,-8.1670E+04,0.0000E+00,0.0000E+00,0.0000E+00;
Load,NFORCE,二期1,53,0.0000E+00,0.0000E+00,-8.1670E+04,0.0000E+00,0.0000E+00,0.0000E+00;
Load,NFORCE,二期1,54,0.0000E+00,0.0000E+00,-8.1670E+04,0.0000E+00,0.0000E+00,0.0000E+00;
Load,NFORCE,二期1,55,0.0000E+00,0.0000E+00,-8.1670E+04,0.0000E+00,0.0000E+00,0.0000E+00;
Load,NFORCE,二期1,56,0.0000E+00,0.0000E+00,-8.1670E+04,0.0000E+00,0.0000E+00,0.0000E+00;
Load,NFORCE,二期1,57,0.0000E+00,0.0000E+00,-8.1670E+04,0.0000E+00,0.0000E+00,0.0000E+00;
Load,NFORCE,二期1,58,0.0000E+00,0.0000E+00,-8.1670E+04,0.0000E+00,0.0000E+00,0.0000E+00;
Load,NFORCE,二期1,59,0.0000E+00,0.0000E+00,-8.1670E+04,0.0000E+00,0.0000E+00,0.0000E+00;


LoadCase,挂篮重1,CS,1.00000E+00;
Load,NFORCE,挂篮重1,14,0.0000E+00,0.0000E+00,-4.5000E+05,0.0000E+00,0.0000E+00,0.0000E+00;
Load,NFORCE,挂篮重1,20,0.0000E+00,0.0000E+00,-4.5000E+05,0.0000E+00,0.0000E+00,0.0000E+00;
Load,NFORCE,挂篮重1,40,0.0000E+00,0.0000E+00,-4.5000E+05,0.0000E+00,0.0000E+00,0.0000E+00;
Load,NFORCE,挂篮重1,46,0.0000E+00,0.0000E+00,-4.5000E+05,0.0000E+00,0.0000E+00,0.0000E+00;


LoadCase,挂篮重10,CS,1.00000E+00;


LoadCase,挂篮重11,CS,1.00000E+00;


LoadCase,挂篮重12,CS,1.00000E+00;


LoadCase,挂篮重13,CS,1.00000E+00;


LoadCase,挂篮重2,USER,1.00000E+00;
Load,NFORCE,挂篮重2,13,0.0000E+00,0.0000E+00,-4.5000E+05,0.0000E+00,0.0000E+00,0.0000E+00;
Load,NFORCE,挂篮重2,21,0.0000E+00,0.0000E+00,-4.5000E+05,0.0000E+00,0.0000E+00,0.0000E+00;
Load,NFORCE,挂篮重2,39,0.0000E+00,0.0000E+00,-4.5000E+05,0.0000E+00,0.0000E+00,0.0000E+00;
Load,NFORCE,挂篮重2,47,0.0000E+00,0.0000E+00,-4.5000E+05,0.0000E+00,0.0000E+00,0.0000E+00;


LoadCase,挂篮重3,CS,1.00000E+00;
Load,NFORCE,挂篮重3,12,0.0000E+00,0.0000E+00,-4.5000E+05,0.0000E+00,0.0000E+00,0.0000E+00;
Load,NFORCE,挂篮重3,22,0.0000E+00,0.0000E+00,-4.5000E+05,0.0000E+00,0.0000E+00,0.0000E+00;
Load,NFORCE,挂篮重3,38,0.0000E+00,0.0000E+00,-4.5000E+05,0.0000E+00,0.0000E+00,0.0000E+00;
Load,NFORCE,挂篮重3,48,0.0000E+00,0.0000E+00,-4.5000E+05,0.0000E+00,0.0000E+00,0.0000E+00;


LoadCase,挂篮重4,CS,1.00000E+00;
Load,NFORCE,挂篮重4,11,0.0000E+00,0.0000E+00,-4.5000E+05,0.0000E+00,0.0000E+00,0.0000E+00;
Load,NFORCE,挂篮重4,23,0.0000E+00,0.0000E+00,-4.5000E+05,0.0000E+00,0.0000E+00,0.0000E+00;
Load,NFORCE,挂篮重4,37,0.0000E+00,0.0000E+00,-4.5000E+05,0.0000E+00,0.0000E+00,0.0000E+00;
Load,NFORCE,挂篮重4,49,0.0000E+00,0.0000E+00,-4.5000E+05,0.0000E+00,0.0000E+00,0.0000E+00;


LoadCase,挂篮重5,CS,1.00000E+00;
Load,NFORCE,挂篮重5,10,0.0000E+00,0.0000E+00,-4.5000E+05,0.0000E+00,0.0000E+00,0.0000E+00;
Load,NFORCE,挂篮重5,24,0.0000E+00,0.0000E+00,-4.5000E+05,0.0000E+00,0.0000E+00,0.0000E+00;
Load,NFORCE,挂篮重5,36,0.0000E+00,0.0000E+00,-4.5000E+05,0.0000E+00,0.0000E+00,0.0000E+00;
Load,NFORCE,挂篮重5,50,0.0000E+00,0.0000E+00,-4.5000E+05,0.0000E+00,0.0000E+00,0.0000E+00;


LoadCase,挂篮重6,CS,1.00000E+00;
Load,NFORCE,挂篮重6,9,0.0000E+00,0.0000E+00,-4.5000E+05,0.0000E+00,0.0000E+00,0.0000E+00;
Load,NFORCE,挂篮重6,25,0.0000E+00,0.0000E+00,-4.5000E+05,0.0000E+00,0.0000E+00,0.0000E+00;
Load,NFORCE,挂篮重6,35,0.0000E+00,0.0000E+00,-4.5000E+05,0.0000E+00,0.0000E+00,0.0000E+00;
Load,NFORCE,挂篮重6,51,0.0000E+00,0.0000E+00,-4.5000E+05,0.0000E+00,0.0000E+00,0.0000E+00;


LoadCase,挂篮重7,CS,1.00000E+00;
Load,NFORCE,挂篮重7,8,0.0000E+00,0.0000E+00,-4.5000E+05,0.0000E+00,0.0000E+00,0.0000E+00;
Load,NFORCE,挂篮重7,26,0.0000E+00,0.0000E+00,-4.5000E+05,0.0000E+00,0.0000E+00,0.0000E+00;
Load,NFORCE,挂篮重7,34,0.0000E+00,0.0000E+00,-4.5000E+05,0.0000E+00,0.0000E+00,0.0000E+00;
Load,NFORCE,挂篮重7,52,0.0000E+00,0.0000E+00,-4.5000E+05,0.0000E+00,0.0000E+00,0.0000E+00;


LoadCase,挂篮重8,CS,1.00000E+00;
Load,NFORCE,挂篮重8,7,0.0000E+00,0.0000E+00,-4.5000E+05,0.0000E+00,0.0000E+00,0.0000E+00;
Load,NFORCE,挂篮重8,27,0.0000E+00,0.0000E+00,-4.5000E+05,0.0000E+00,0.0000E+00,0.0000E+00;
Load,NFORCE,挂篮重8,33,0.0000E+00,0.0000E+00,-4.5000E+05,0.0000E+00,0.0000E+00,0.0000E+00;
Load,NFORCE,挂篮重8,53,0.0000E+00,0.0000E+00,-4.5000E+05,0.0000E+00,0.0000E+00,0.0000E+00;


LoadCase,挂篮重9,CS,1.00000E+00;
Load,NFORCE,挂篮重9,6,0.0000E+00,0.0000E+00,-4.5000E+05,0.0000E+00,0.0000E+00,0.0000E+00;
Load,NFORCE,挂篮重9,28,0.0000E+00,0.0000E+00,-4.5000E+05,0.0000E+00,0.0000E+00,0.0000E+00;
Load,NFORCE,挂篮重9,32,0.0000E+00,0.0000E+00,-4.5000E+05,0.0000E+00,0.0000E+00,0.0000E+00;
Load,NFORCE,挂篮重9,54,0.0000E+00,0.0000E+00,-4.5000E+05,0.0000E+00,0.0000E+00,0.0000E+00;


LoadCase,合拢压重1,CS,1.00000E+00;
Load,NFORCE,合拢压重1,5,0.0000E+00,0.0000E+00,-4.5000E+05,0.0000E+00,0.0000E+00,0.0000E+00;
Load,NFORCE,合拢压重1,55,0.0000E+00,0.0000E+00,-4.5000E+05,0.0000E+00,0.0000E+00,0.0000E+00;


LoadCase,合拢压重2,CS,1.00000E+00;
Load,NFORCE,合拢压重2,29,0.0000E+00,0.0000E+00,-4.5000E+05,0.0000E+00,0.0000E+00,0.0000E+00;
Load,NFORCE,合拢压重2,31,0.0000E+00,0.0000E+00,-4.5000E+05,0.0000E+00,0.0000E+00,0.0000E+00;


LoadCase,合拢压重3,CS,1.00000E+00;


LoadCase,温度梯度_降,TG,1.00000E+00;
Load,GTEMP,温度梯度_降,1,Z,T,2,
			0.000,0.000,-7.000,-0.100,-2.750,
			0.000,-0.100,-2.750,-0.400,0.000;//给荷载组添加荷载，引用荷载组名，该类型引用单元号
Load,GTEMP,温度梯度_降,2,Z,T,2,
			0.000,0.000,-7.000,-0.100,-2.750,
			0.000,-0.100,-2.750,-0.400,0.000;
Load,GTEMP,温度梯度_降,3,Z,T,2,
			0.000,0.000,-7.000,-0.100,-2.750,
			0.000,-0.100,-2.750,-0.400,0.000;
Load,GTEMP,温度梯度_降,4,Z,T,2,
			0.000,0.000,-7.000,-0.100,-2.750,
			0.000,-0.100,-2.750,-0.400,0.000;
Load,GTEMP,温度梯度_降,5,Z,T,2,
			0.000,0.000,-7.000,-0.100,-2.750,
			0.000,-0.100,-2.750,-0.400,0.000;
Load,GTEMP,温度梯度_降,6,Z,T,2,
			0.000,0.000,-7.000,-0.100,-2.750,
			0.000,-0.100,-2.750,-0.400,0.000;
Load,GTEMP,温度梯度_降,7,Z,T,2,
			0.000,0.000,-7.000,-0.100,-2.750,
			0.000,-0.100,-2.750,-0.400,0.000;
Load,GTEMP,温度梯度_降,8,Z,T,2,
			0.000,0.000,-7.000,-0.100,-2.750,
			0.000,-0.100,-2.750,-0.400,0.000;
Load,GTEMP,温度梯度_降,9,Z,T,2,
			0.000,0.000,-7.000,-0.100,-2.750,
			0.000,-0.100,-2.750,-0.400,0.000;
Load,GTEMP,温度梯度_降,10,Z,T,2,
			0.000,0.000,-7.000,-0.100,-2.750,
			0.000,-0.100,-2.750,-0.400,0.000;
Load,GTEMP,温度梯度_降,11,Z,T,2,
			0.000,0.000,-7.000,-0.100,-2.750,
			0.000,-0.100,-2.750,-0.400,0.000;
Load,GTEMP,温度梯度_降,12,Z,T,2,
			0.000,0.000,-7.000,-0.100,-2.750,
			0.000,-0.100,-2.750,-0.400,0.000;
Load,GTEMP,温度梯度_降,13,Z,T,2,
			0.000,0.000,-7.000,-0.100,-2.750,
			0.000,-0.100,-2.750,-0.400,0.000;
Load,GTEMP,温度梯度_降,14,Z,T,2,
			0.000,0.000,-7.000,-0.100,-2.750,
			0.000,-0.100,-2.750,-0.400,0.000;
Load,GTEMP,温度梯度_降,15,Z,T,2,
			0.000,0.000,-7.000,-0.100,-2.750,
			0.000,-0.100,-2.750,-0.400,0.000;
Load,GTEMP,温度梯度_降,16,Z,T,2,
			0.000,0.000,-7.000,-0.100,-2.750,
			0.000,-0.100,-2.750,-0.400,0.000;
Load,GTEMP,温度梯度_降,17,Z,T,2,
			0.000,0.000,-7.000,-0.100,-2.750,
			0.000,-0.100,-2.750,-0.400,0.000;
Load,GTEMP,温度梯度_降,18,Z,T,2,
			0.000,0.000,-7.000,-0.100,-2.750,
			0.000,-0.100,-2.750,-0.400,0.000;
Load,GTEMP,温度梯度_降,19,Z,T,2,
			0.000,0.000,-7.000,-0.100,-2.750,
			0.000,-0.100,-2.750,-0.400,0.000;
Load,GTEMP,温度梯度_降,20,Z,T,2,
			0.000,0.000,-7.000,-0.100,-2.750,
			0.000,-0.100,-2.750,-0.400,0.000;
Load,GTEMP,温度梯度_降,21,Z,T,2,
			0.000,0.000,-7.000,-0.100,-2.750,
			0.000,-0.100,-2.750,-0.400,0.000;
Load,GTEMP,温度梯度_降,22,Z,T,2,
			0.000,0.000,-7.000,-0.100,-2.750,
			0.000,-0.100,-2.750,-0.400,0.000;
Load,GTEMP,温度梯度_降,23,Z,T,2,
			0.000,0.000,-7.000,-0.100,-2.750,
			0.000,-0.100,-2.750,-0.400,0.000;
Load,GTEMP,温度梯度_降,24,Z,T,2,
			0.000,0.000,-7.000,-0.100,-2.750,
			0.000,-0.100,-2.750,-0.400,0.000;
Load,GTEMP,温度梯度_降,25,Z,T,2,
			0.000,0.000,-7.000,-0.100,-2.750,
			0.000,-0.100,-2.750,-0.400,0.000;
Load,GTEMP,温度梯度_降,26,Z,T,2,
			0.000,0.000,-7.000,-0.100,-2.750,
			0.000,-0.100,-2.750,-0.400,0.000;
Load,GTEMP,温度梯度_降,27,Z,T,2,
			0.000,0.000,-7.000,-0.100,-2.750,
			0.000,-0.100,-2.750,-0.400,0.000;
Load,GTEMP,温度梯度_降,28,Z,T,2,
			0.000,0.000,-7.000,-0.100,-2.750,
			0.000,-0.100,-2.750,-0.400,0.000;
Load,GTEMP,温度梯度_降,29,Z,T,2,
			0.000,0.000,-7.000,-0.100,-2.750,
			0.000,-0.100,-2.750,-0.400,0.000;
Load,GTEMP,温度梯度_降,30,Z,T,2,
			0.000,0.000,-7.000,-0.100,-2.750,
			0.000,-0.100,-2.750,-0.400,0.000;
Load,GTEMP,温度梯度_降,31,Z,T,2,
			0.000,0.000,-7.000,-0.100,-2.750,
			0.000,-0.100,-2.750,-0.400,0.000;
Load,GTEMP,温度梯度_降,32,Z,T,2,
			0.000,0.000,-7.000,-0.100,-2.750,
			0.000,-0.100,-2.750,-0.400,0.000;
Load,GTEMP,温度梯度_降,33,Z,T,2,
			0.000,0.000,-7.000,-0.100,-2.750,
			0.000,-0.100,-2.750,-0.400,0.000;
Load,GTEMP,温度梯度_降,34,Z,T,2,
			0.000,0.000,-7.000,-0.100,-2.750,
			0.000,-0.100,-2.750,-0.400,0.000;
Load,GTEMP,温度梯度_降,35,Z,T,2,
			0.000,0.000,-7.000,-0.100,-2.750,
			0.000,-0.100,-2.750,-0.400,0.000;
Load,GTEMP,温度梯度_降,36,Z,T,2,
			0.000,0.000,-7.000,-0.100,-2.750,
			0.000,-0.100,-2.750,-0.400,0.000;
Load,GTEMP,温度梯度_降,37,Z,T,2,
			0.000,0.000,-7.000,-0.100,-2.750,
			0.000,-0.100,-2.750,-0.400,0.000;
Load,GTEMP,温度梯度_降,38,Z,T,2,
			0.000,0.000,-7.000,-0.100,-2.750,
			0.000,-0.100,-2.750,-0.400,0.000;
Load,GTEMP,温度梯度_降,39,Z,T,2,
			0.000,0.000,-7.000,-0.100,-2.750,
			0.000,-0.100,-2.750,-0.400,0.000;
Load,GTEMP,温度梯度_降,40,Z,T,2,
			0.000,0.000,-7.000,-0.100,-2.750,
			0.000,-0.100,-2.750,-0.400,0.000;
Load,GTEMP,温度梯度_降,41,Z,T,2,
			0.000,0.000,-7.000,-0.100,-2.750,
			0.000,-0.100,-2.750,-0.400,0.000;
Load,GTEMP,温度梯度_降,42,Z,T,2,
			0.000,0.000,-7.000,-0.100,-2.750,
			0.000,-0.100,-2.750,-0.400,0.000;
Load,GTEMP,温度梯度_降,43,Z,T,2,
			0.000,0.000,-7.000,-0.100,-2.750,
			0.000,-0.100,-2.750,-0.400,0.000;
Load,GTEMP,温度梯度_降,44,Z,T,2,
			0.000,0.000,-7.000,-0.100,-2.750,
			0.000,-0.100,-2.750,-0.400,0.000;
Load,GTEMP,温度梯度_降,45,Z,T,2,
			0.000,0.000,-7.000,-0.100,-2.750,
			0.000,-0.100,-2.750,-0.400,0.000;
Load,GTEMP,温度梯度_降,46,Z,T,2,
			0.000,0.000,-7.000,-0.100,-2.750,
			0.000,-0.100,-2.750,-0.400,0.000;
Load,GTEMP,温度梯度_降,47,Z,T,2,
			0.000,0.000,-7.000,-0.100,-2.750,
			0.000,-0.100,-2.750,-0.400,0.000;
Load,GTEMP,温度梯度_降,48,Z,T,2,
			0.000,0.000,-7.000,-0.100,-2.750,
			0.000,-0.100,-2.750,-0.400,0.000;
Load,GTEMP,温度梯度_降,49,Z,T,2,
			0.000,0.000,-7.000,-0.100,-2.750,
			0.000,-0.100,-2.750,-0.400,0.000;
Load,GTEMP,温度梯度_降,50,Z,T,2,
			0.000,0.000,-7.000,-0.100,-2.750,
			0.000,-0.100,-2.750,-0.400,0.000;
Load,GTEMP,温度梯度_降,51,Z,T,2,
			0.000,0.000,-7.000,-0.100,-2.750,
			0.000,-0.100,-2.750,-0.400,0.000;
Load,GTEMP,温度梯度_降,52,Z,T,2,
			0.000,0.000,-7.000,-0.100,-2.750,
			0.000,-0.100,-2.750,-0.400,0.000;
Load,GTEMP,温度梯度_降,53,Z,T,2,
			0.000,0.000,-7.000,-0.100,-2.750,
			0.000,-0.100,-2.750,-0.400,0.000;
Load,GTEMP,温度梯度_降,54,Z,T,2,
			0.000,0.000,-7.000,-0.100,-2.750,
			0.000,-0.100,-2.750,-0.400,0.000;
Load,GTEMP,温度梯度_降,55,Z,T,2,
			0.000,0.000,-7.000,-0.100,-2.750,
			0.000,-0.100,-2.750,-0.400,0.000;
Load,GTEMP,温度梯度_降,56,Z,T,2,
			0.000,0.000,-7.000,-0.100,-2.750,
			0.000,-0.100,-2.750,-0.400,0.000;
Load,GTEMP,温度梯度_降,57,Z,T,2,
			0.000,0.000,-7.000,-0.100,-2.750,
			0.000,-0.100,-2.750,-0.400,0.000;
Load,GTEMP,温度梯度_降,58,Z,T,2,
			0.000,0.000,-7.000,-0.100,-2.750,
			0.000,-0.100,-2.750,-0.400,0.000;


LoadCase,温度梯度_升,TG,1.00000E+00;
Load,GTEMP,温度梯度_升,1,Z,T,2,
			0.000,0.000,14.000,-0.100,5.500,
			0.000,-0.100,5.500,-0.400,0.000;
Load,GTEMP,温度梯度_升,2,Z,T,2,
			0.000,0.000,14.000,-0.100,5.500,
			0.000,-0.100,5.500,-0.400,0.000;
Load,GTEMP,温度梯度_升,3,Z,T,2,
			0.000,0.000,14.000,-0.100,5.500,
			0.000,-0.100,5.500,-0.400,0.000;
Load,GTEMP,温度梯度_升,4,Z,T,2,
			0.000,0.000,14.000,-0.100,5.500,
			0.000,-0.100,5.500,-0.400,0.000;
Load,GTEMP,温度梯度_升,5,Z,T,2,
			0.000,0.000,14.000,-0.100,5.500,
			0.000,-0.100,5.500,-0.400,0.000;
Load,GTEMP,温度梯度_升,6,Z,T,2,
			0.000,0.000,14.000,-0.100,5.500,
			0.000,-0.100,5.500,-0.400,0.000;
Load,GTEMP,温度梯度_升,7,Z,T,2,
			0.000,0.000,14.000,-0.100,5.500,
			0.000,-0.100,5.500,-0.400,0.000;
Load,GTEMP,温度梯度_升,8,Z,T,2,
			0.000,0.000,14.000,-0.100,5.500,
			0.000,-0.100,5.500,-0.400,0.000;
Load,GTEMP,温度梯度_升,9,Z,T,2,
			0.000,0.000,14.000,-0.100,5.500,
			0.000,-0.100,5.500,-0.400,0.000;
Load,GTEMP,温度梯度_升,10,Z,T,2,
			0.000,0.000,14.000,-0.100,5.500,
			0.000,-0.100,5.500,-0.400,0.000;
Load,GTEMP,温度梯度_升,11,Z,T,2,
			0.000,0.000,14.000,-0.100,5.500,
			0.000,-0.100,5.500,-0.400,0.000;
Load,GTEMP,温度梯度_升,12,Z,T,2,
			0.000,0.000,14.000,-0.100,5.500,
			0.000,-0.100,5.500,-0.400,0.000;
Load,GTEMP,温度梯度_升,13,Z,T,2,
			0.000,0.000,14.000,-0.100,5.500,
			0.000,-0.100,5.500,-0.400,0.000;
Load,GTEMP,温度梯度_升,14,Z,T,2,
			0.000,0.000,14.000,-0.100,5.500,
			0.000,-0.100,5.500,-0.400,0.000;
Load,GTEMP,温度梯度_升,15,Z,T,2,
			0.000,0.000,14.000,-0.100,5.500,
			0.000,-0.100,5.500,-0.400,0.000;
Load,GTEMP,温度梯度_升,16,Z,T,2,
			0.000,0.000,14.000,-0.100,5.500,
			0.000,-0.100,5.500,-0.400,0.000;
Load,GTEMP,温度梯度_升,17,Z,T,2,
			0.000,0.000,14.000,-0.100,5.500,
			0.000,-0.100,5.500,-0.400,0.000;
Load,GTEMP,温度梯度_升,18,Z,T,2,
			0.000,0.000,14.000,-0.100,5.500,
			0.000,-0.100,5.500,-0.400,0.000;
Load,GTEMP,温度梯度_升,19,Z,T,2,
			0.000,0.000,14.000,-0.100,5.500,
			0.000,-0.100,5.500,-0.400,0.000;
Load,GTEMP,温度梯度_升,20,Z,T,2,
			0.000,0.000,14.000,-0.100,5.500,
			0.000,-0.100,5.500,-0.400,0.000;
Load,GTEMP,温度梯度_升,21,Z,T,2,
			0.000,0.000,14.000,-0.100,5.500,
			0.000,-0.100,5.500,-0.400,0.000;
Load,GTEMP,温度梯度_升,22,Z,T,2,
			0.000,0.000,14.000,-0.100,5.500,
			0.000,-0.100,5.500,-0.400,0.000;
Load,GTEMP,温度梯度_升,23,Z,T,2,
			0.000,0.000,14.000,-0.100,5.500,
			0.000,-0.100,5.500,-0.400,0.000;
Load,GTEMP,温度梯度_升,24,Z,T,2,
			0.000,0.000,14.000,-0.100,5.500,
			0.000,-0.100,5.500,-0.400,0.000;
Load,GTEMP,温度梯度_升,25,Z,T,2,
			0.000,0.000,14.000,-0.100,5.500,
			0.000,-0.100,5.500,-0.400,0.000;
Load,GTEMP,温度梯度_升,26,Z,T,2,
			0.000,0.000,14.000,-0.100,5.500,
			0.000,-0.100,5.500,-0.400,0.000;
Load,GTEMP,温度梯度_升,27,Z,T,2,
			0.000,0.000,14.000,-0.100,5.500,
			0.000,-0.100,5.500,-0.400,0.000;
Load,GTEMP,温度梯度_升,28,Z,T,2,
			0.000,0.000,14.000,-0.100,5.500,
			0.000,-0.100,5.500,-0.400,0.000;
Load,GTEMP,温度梯度_升,29,Z,T,2,
			0.000,0.000,14.000,-0.100,5.500,
			0.000,-0.100,5.500,-0.400,0.000;
Load,GTEMP,温度梯度_升,30,Z,T,2,
			0.000,0.000,14.000,-0.100,5.500,
			0.000,-0.100,5.500,-0.400,0.000;
Load,GTEMP,温度梯度_升,31,Z,T,2,
			0.000,0.000,14.000,-0.100,5.500,
			0.000,-0.100,5.500,-0.400,0.000;
Load,GTEMP,温度梯度_升,32,Z,T,2,
			0.000,0.000,14.000,-0.100,5.500,
			0.000,-0.100,5.500,-0.400,0.000;
Load,GTEMP,温度梯度_升,33,Z,T,2,
			0.000,0.000,14.000,-0.100,5.500,
			0.000,-0.100,5.500,-0.400,0.000;
Load,GTEMP,温度梯度_升,34,Z,T,2,
			0.000,0.000,14.000,-0.100,5.500,
			0.000,-0.100,5.500,-0.400,0.000;
Load,GTEMP,温度梯度_升,35,Z,T,2,
			0.000,0.000,14.000,-0.100,5.500,
			0.000,-0.100,5.500,-0.400,0.000;
Load,GTEMP,温度梯度_升,36,Z,T,2,
			0.000,0.000,14.000,-0.100,5.500,
			0.000,-0.100,5.500,-0.400,0.000;
Load,GTEMP,温度梯度_升,37,Z,T,2,
			0.000,0.000,14.000,-0.100,5.500,
			0.000,-0.100,5.500,-0.400,0.000;
Load,GTEMP,温度梯度_升,38,Z,T,2,
			0.000,0.000,14.000,-0.100,5.500,
			0.000,-0.100,5.500,-0.400,0.000;
Load,GTEMP,温度梯度_升,39,Z,T,2,
			0.000,0.000,14.000,-0.100,5.500,
			0.000,-0.100,5.500,-0.400,0.000;
Load,GTEMP,温度梯度_升,40,Z,T,2,
			0.000,0.000,14.000,-0.100,5.500,
			0.000,-0.100,5.500,-0.400,0.000;
Load,GTEMP,温度梯度_升,41,Z,T,2,
			0.000,0.000,14.000,-0.100,5.500,
			0.000,-0.100,5.500,-0.400,0.000;
Load,GTEMP,温度梯度_升,42,Z,T,2,
			0.000,0.000,14.000,-0.100,5.500,
			0.000,-0.100,5.500,-0.400,0.000;
Load,GTEMP,温度梯度_升,43,Z,T,2,
			0.000,0.000,14.000,-0.100,5.500,
			0.000,-0.100,5.500,-0.400,0.000;
Load,GTEMP,温度梯度_升,44,Z,T,2,
			0.000,0.000,14.000,-0.100,5.500,
			0.000,-0.100,5.500,-0.400,0.000;
Load,GTEMP,温度梯度_升,45,Z,T,2,
			0.000,0.000,14.000,-0.100,5.500,
			0.000,-0.100,5.500,-0.400,0.000;
Load,GTEMP,温度梯度_升,46,Z,T,2,
			0.000,0.000,14.000,-0.100,5.500,
			0.000,-0.100,5.500,-0.400,0.000;
Load,GTEMP,温度梯度_升,47,Z,T,2,
			0.000,0.000,14.000,-0.100,5.500,
			0.000,-0.100,5.500,-0.400,0.000;
Load,GTEMP,温度梯度_升,48,Z,T,2,
			0.000,0.000,14.000,-0.100,5.500,
			0.000,-0.100,5.500,-0.400,0.000;
Load,GTEMP,温度梯度_升,49,Z,T,2,
			0.000,0.000,14.000,-0.100,5.500,
			0.000,-0.100,5.500,-0.400,0.000;
Load,GTEMP,温度梯度_升,50,Z,T,2,
			0.000,0.000,14.000,-0.100,5.500,
			0.000,-0.100,5.500,-0.400,0.000;
Load,GTEMP,温度梯度_升,51,Z,T,2,
			0.000,0.000,14.000,-0.100,5.500,
			0.000,-0.100,5.500,-0.400,0.000;
Load,GTEMP,温度梯度_升,52,Z,T,2,
			0.000,0.000,14.000,-0.100,5.500,
			0.000,-0.100,5.500,-0.400,0.000;
Load,GTEMP,温度梯度_升,53,Z,T,2,
			0.000,0.000,14.000,-0.100,5.500,
			0.000,-0.100,5.500,-0.400,0.000;
Load,GTEMP,温度梯度_升,54,Z,T,2,
			0.000,0.000,14.000,-0.100,5.500,
			0.000,-0.100,5.500,-0.400,0.000;
Load,GTEMP,温度梯度_升,55,Z,T,2,
			0.000,0.000,14.000,-0.100,5.500,
			0.000,-0.100,5.500,-0.400,0.000;
Load,GTEMP,温度梯度_升,56,Z,T,2,
			0.000,0.000,14.000,-0.100,5.500,
			0.000,-0.100,5.500,-0.400,0.000;
Load,GTEMP,温度梯度_升,57,Z,T,2,
			0.000,0.000,14.000,-0.100,5.500,
			0.000,-0.100,5.500,-0.400,0.000;
Load,GTEMP,温度梯度_升,58,Z,T,2,
			0.000,0.000,14.000,-0.100,5.500,
			0.000,-0.100,5.500,-0.400,0.000;


LoadCase,预应力1,CS,1.00000E+00;
Load,PST,预应力1,F0-1,BOTH,ST,1.395000E+09,1.395000E+09;
Load,PST,预应力1,F0-2,BOTH,ST,1.395000E+09,1.395000E+09;
Load,PST,预应力1,T0-1,BOTH,ST,1.395000E+09,1.395000E+09;
Load,PST,预应力1,T0-2,BOTH,ST,1.395000E+09,1.395000E+09;


LoadCase,预应力10,CS,1.00000E+00;
Load,PST,预应力10,T9-1,BOTH,ST,1.395000E+09,1.395000E+09;
Load,PST,预应力10,T9-2,BOTH,ST,1.395000E+09,1.395000E+09;


LoadCase,预应力2,CS,1.00000E+00;
Load,PST,预应力2,F1-1,BOTH,ST,1.395000E+09,1.395000E+09;
Load,PST,预应力2,F1-2,BOTH,ST,1.395000E+09,1.395000E+09;
Load,PST,预应力2,T1-1,BOTH,ST,1.395000E+09,1.395000E+09;
Load,PST,预应力2,T1-2,BOTH,ST,1.395000E+09,1.395000E+09;


LoadCase,预应力3,CS,1.00000E+00;
Load,PST,预应力3,F2-1,BOTH,ST,1.395000E+09,1.395000E+09;
Load,PST,预应力3,F2-2,BOTH,ST,1.395000E+09,1.395000E+09;
Load,PST,预应力3,T2-1,BOTH,ST,1.395000E+09,1.395000E+09;
Load,PST,预应力3,T2-2,BOTH,ST,1.395000E+09,1.395000E+09;


LoadCase,预应力4,CS,1.00000E+00;
Load,PST,预应力4,F3-1,BOTH,ST,1.395000E+09,1.395000E+09;
Load,PST,预应力4,F3-2,BOTH,ST,1.395000E+09,1.395000E+09;
Load,PST,预应力4,T3-1,BOTH,ST,1.395000E+09,1.395000E+09;
Load,PST,预应力4,T3-2,BOTH,ST,1.395000E+09,1.395000E+09;


LoadCase,预应力5,CS,1.00000E+00;
Load,PST,预应力5,F4-1,BOTH,ST,1.395000E+09,1.395000E+09;
Load,PST,预应力5,F4-2,BOTH,ST,1.395000E+09,1.395000E+09;
Load,PST,预应力5,T4-1,BOTH,ST,1.395000E+09,1.395000E+09;
Load,PST,预应力5,T4-2,BOTH,ST,1.395000E+09,1.395000E+09;


LoadCase,预应力6,CS,1.00000E+00;
Load,PST,预应力6,F5-1,BOTH,ST,1.395000E+09,1.395000E+09;
Load,PST,预应力6,F5-2,BOTH,ST,1.395000E+09,1.395000E+09;
Load,PST,预应力6,T5-1,BOTH,ST,1.395000E+09,1.395000E+09;
Load,PST,预应力6,T5-2,BOTH,ST,1.395000E+09,1.395000E+09;


LoadCase,预应力7,CS,1.00000E+00;
Load,PST,预应力7,F6-1,BOTH,ST,1.395000E+09,1.395000E+09;
Load,PST,预应力7,F6-2,BOTH,ST,1.395000E+09,1.395000E+09;
Load,PST,预应力7,T6-1,BOTH,ST,1.395000E+09,1.395000E+09;
Load,PST,预应力7,T6-2,BOTH,ST,1.395000E+09,1.395000E+09;


LoadCase,预应力8,CS,1.00000E+00;
Load,PST,预应力8,F7-1,BOTH,ST,1.395000E+09,1.395000E+09;
Load,PST,预应力8,F7-2,BOTH,ST,1.395000E+09,1.395000E+09;
Load,PST,预应力8,T7-1,BOTH,ST,1.395000E+09,1.395000E+09;
Load,PST,预应力8,T7-2,BOTH,ST,1.395000E+09,1.395000E+09;


LoadCase,预应力9,CS,1.00000E+00;
Load,PST,预应力9,F8-1,BOTH,ST,1.395000E+09,1.395000E+09;
Load,PST,预应力9,F8-2,BOTH,ST,1.395000E+09,1.395000E+09;
Load,PST,预应力9,T8-1,BOTH,ST,1.395000E+09,1.395000E+09;
Load,PST,预应力9,T8-2,BOTH,ST,1.395000E+09,1.395000E+09;


LoadCase,整体降温,T,1.00000E+00;
Load,UTEMP,整体降温,1,X,-30.000;//给荷载组添加荷载，引用荷载组名，该类型引用单元号
Load,UTEMP,整体降温,2,X,-30.000;
Load,UTEMP,整体降温,3,X,-30.000;
Load,UTEMP,整体降温,4,X,-30.000;
Load,UTEMP,整体降温,5,X,-30.000;
Load,UTEMP,整体降温,6,X,-30.000;
Load,UTEMP,整体降温,7,X,-30.000;
Load,UTEMP,整体降温,8,X,-30.000;
Load,UTEMP,整体降温,9,X,-30.000;
Load,UTEMP,整体降温,10,X,-30.000;
Load,UTEMP,整体降温,11,X,-30.000;
Load,UTEMP,整体降温,12,X,-30.000;
Load,UTEMP,整体降温,13,X,-30.000;
Load,UTEMP,整体降温,14,X,-30.000;
Load,UTEMP,整体降温,15,X,-30.000;
Load,UTEMP,整体降温,16,X,-30.000;
Load,UTEMP,整体降温,17,X,-30.000;
Load,UTEMP,整体降温,18,X,-30.000;
Load,UTEMP,整体降温,19,X,-30.000;
Load,UTEMP,整体降温,20,X,-30.000;
Load,UTEMP,整体降温,21,X,-30.000;
Load,UTEMP,整体降温,22,X,-30.000;
Load,UTEMP,整体降温,23,X,-30.000;
Load,UTEMP,整体降温,24,X,-30.000;
Load,UTEMP,整体降温,25,X,-30.000;
Load,UTEMP,整体降温,26,X,-30.000;
Load,UTEMP,整体降温,27,X,-30.000;
Load,UTEMP,整体降温,28,X,-30.000;
Load,UTEMP,整体降温,29,X,-30.000;
Load,UTEMP,整体降温,30,X,-30.000;
Load,UTEMP,整体降温,31,X,-30.000;
Load,UTEMP,整体降温,32,X,-30.000;
Load,UTEMP,整体降温,33,X,-30.000;
Load,UTEMP,整体降温,34,X,-30.000;
Load,UTEMP,整体降温,35,X,-30.000;
Load,UTEMP,整体降温,36,X,-30.000;
Load,UTEMP,整体降温,37,X,-30.000;
Load,UTEMP,整体降温,38,X,-30.000;
Load,UTEMP,整体降温,39,X,-30.000;
Load,UTEMP,整体降温,40,X,-30.000;
Load,UTEMP,整体降温,41,X,-30.000;
Load,UTEMP,整体降温,42,X,-30.000;
Load,UTEMP,整体降温,43,X,-30.000;
Load,UTEMP,整体降温,44,X,-30.000;
Load,UTEMP,整体降温,45,X,-30.000;
Load,UTEMP,整体降温,46,X,-30.000;
Load,UTEMP,整体降温,47,X,-30.000;
Load,UTEMP,整体降温,48,X,-30.000;
Load,UTEMP,整体降温,49,X,-30.000;
Load,UTEMP,整体降温,50,X,-30.000;
Load,UTEMP,整体降温,51,X,-30.000;
Load,UTEMP,整体降温,52,X,-30.000;
Load,UTEMP,整体降温,53,X,-30.000;
Load,UTEMP,整体降温,54,X,-30.000;
Load,UTEMP,整体降温,55,X,-30.000;
Load,UTEMP,整体降温,56,X,-30.000;
Load,UTEMP,整体降温,57,X,-30.000;
Load,UTEMP,整体降温,58,X,-30.000;
Load,UTEMP,整体降温,1001,X,-30.000;
Load,UTEMP,整体降温,1002,X,-30.000;
Load,UTEMP,整体降温,1003,X,-30.000;
Load,UTEMP,整体降温,1004,X,-30.000;


LoadCase,整体升温,T,1.00000E+00;
Load,UTEMP,整体升温,1,X,30.000;
Load,UTEMP,整体升温,2,X,30.000;
Load,UTEMP,整体升温,3,X,30.000;
Load,UTEMP,整体升温,4,X,30.000;
Load,UTEMP,整体升温,5,X,30.000;
Load,UTEMP,整体升温,6,X,30.000;
Load,UTEMP,整体升温,7,X,30.000;
Load,UTEMP,整体升温,8,X,30.000;
Load,UTEMP,整体升温,9,X,30.000;
Load,UTEMP,整体升温,10,X,30.000;
Load,UTEMP,整体升温,11,X,30.000;
Load,UTEMP,整体升温,12,X,30.000;
Load,UTEMP,整体升温,13,X,30.000;
Load,UTEMP,整体升温,14,X,30.000;
Load,UTEMP,整体升温,15,X,30.000;
Load,UTEMP,整体升温,16,X,30.000;
Load,UTEMP,整体升温,17,X,30.000;
Load,UTEMP,整体升温,18,X,30.000;
Load,UTEMP,整体升温,19,X,30.000;
Load,UTEMP,整体升温,20,X,30.000;
Load,UTEMP,整体升温,21,X,30.000;
Load,UTEMP,整体升温,22,X,30.000;
Load,UTEMP,整体升温,23,X,30.000;
Load,UTEMP,整体升温,24,X,30.000;
Load,UTEMP,整体升温,25,X,30.000;
Load,UTEMP,整体升温,26,X,30.000;
Load,UTEMP,整体升温,27,X,30.000;
Load,UTEMP,整体升温,28,X,30.000;
Load,UTEMP,整体升温,29,X,30.000;
Load,UTEMP,整体升温,30,X,30.000;
Load,UTEMP,整体升温,31,X,30.000;
Load,UTEMP,整体升温,32,X,30.000;
Load,UTEMP,整体升温,33,X,30.000;
Load,UTEMP,整体升温,34,X,30.000;
Load,UTEMP,整体升温,35,X,30.000;
Load,UTEMP,整体升温,36,X,30.000;
Load,UTEMP,整体升温,37,X,30.000;
Load,UTEMP,整体升温,38,X,30.000;
Load,UTEMP,整体升温,39,X,30.000;
Load,UTEMP,整体升温,40,X,30.000;
Load,UTEMP,整体升温,41,X,30.000;
Load,UTEMP,整体升温,42,X,30.000;
Load,UTEMP,整体升温,43,X,30.000;
Load,UTEMP,整体升温,44,X,30.000;
Load,UTEMP,整体升温,45,X,30.000;
Load,UTEMP,整体升温,46,X,30.000;
Load,UTEMP,整体升温,47,X,30.000;
Load,UTEMP,整体升温,48,X,30.000;
Load,UTEMP,整体升温,49,X,30.000;
Load,UTEMP,整体升温,50,X,30.000;
Load,UTEMP,整体升温,51,X,30.000;
Load,UTEMP,整体升温,52,X,30.000;
Load,UTEMP,整体升温,53,X,30.000;
Load,UTEMP,整体升温,54,X,30.000;
Load,UTEMP,整体升温,55,X,30.000;
Load,UTEMP,整体升温,56,X,30.000;
Load,UTEMP,整体升温,57,X,30.000;
Load,UTEMP,整体升温,58,X,30.000;
Load,UTEMP,整体升温,1001,X,30.000;
Load,UTEMP,整体升温,1002,X,30.000;
Load,UTEMP,整体升温,1003,X,30.000;
Load,UTEMP,整体升温,1004,X,30.000;


LoadCase,中跨预应力1,CS,1.00000E+00;
Load,PST,中跨预应力1,Z1-1,BOTH,ST,1.395000E+09,1.395000E+09;
Load,PST,中跨预应力1,Z2-1,BOTH,ST,1.395000E+09,1.395000E+09;
Load,PST,中跨预应力1,Z3-1,BOTH,ST,1.395000E+09,1.395000E+09;
Load,PST,中跨预应力1,Z4-1,BOTH,ST,1.395000E+09,1.395000E+09;
Load,PST,中跨预应力1,Z5-1,BOTH,ST,1.395000E+09,1.395000E+09;
Load,PST,中跨预应力1,Z6-1,BOTH,ST,1.395000E+09,1.395000E+09;
Load,PST,中跨预应力1,Z7-1,BOTH,ST,1.395000E+09,1.395000E+09;
Load,PST,中跨预应力1,Z8-1,BOTH,ST,1.395000E+09,1.395000E+09;


LoadCase,中跨预应力2,CS,1.00000E+00;
Load,PST,中跨预应力2,ZT-1,BOTH,ST,1.395000E+09,1.395000E+09;


LoadCase,自重,D,1.00000E+00;
Load,GRAVITY,自重,0.000,0.000,-1.040;//给荷载组添加荷载，引用荷载组名


LoadCase,自重1,D,1.00000E+00;
Load,GRAVITY,自重1,0.000,0.000,-1.040;


LoadCase,自重10,D,1.00000E+00;
Load,GRAVITY,自重10,0.000,0.000,-1.040;


LoadCase,自重11,D,1.00000E+00;
Load,GRAVITY,自重11,0.000,0.000,-1.040;


LoadCase,自重12,D,1.00000E+00;
Load,GRAVITY,自重12,0.000,0.000,-1.040;


LoadCase,自重13,D,1.00000E+00;
Load,GRAVITY,自重13,0.000,0.000,-1.040;


LoadCase,自重2,D,1.00000E+00;
Load,GRAVITY,自重2,0.000,0.000,-1.040;


LoadCase,自重3,D,1.00000E+00;
Load,GRAVITY,自重3,0.000,0.000,-1.040;


LoadCase,自重4,D,1.00000E+00;
Load,GRAVITY,自重4,0.000,0.000,-1.040;


LoadCase,自重5,D,1.00000E+00;
Load,GRAVITY,自重5,0.000,0.000,-1.040;


LoadCase,自重6,D,1.00000E+00;
Load,GRAVITY,自重6,0.000,0.000,-1.040;


LoadCase,自重7,D,1.00000E+00;
Load,GRAVITY,自重7,0.000,0.000,-1.040;


LoadCase,自重8,D,1.00000E+00;
Load,GRAVITY,自重8,0.000,0.000,-1.040;


LoadCase,自重9,D,1.00000E+00;
Load,GRAVITY,自重9,0.000,0.000,-1.040;





//----------------------------- ANALYSIS --------------------------->>
SetlGrp,沉降组1,-1.000E-02,2001;//创建沉降组，引用节点号
SetlGrp,沉降组2,-1.000E-02,2002;
SetlGrp,沉降组3,-1.000E-02,2003;
SetlGrp,沉降组4,-1.000E-02,2004;

SetlAnal,支座沉降;//创建沉降工况
SetlAnalInc,支座沉降,a,沉降组1,沉降组2,沉降组3,沉降组4;//添加沉降工况至沉降组，引用沉降组、沉降工况




LiveGrade,荷载1,JTGD60_2015,HIGHWAY_I;//创建移动荷载

InflAlgo,车道一,VE,80.0000,1.8,1,0,上部主梁单元组,0.00000E+00,0.00000E+00;//定义车道线，该方法引用单元组名称

LiveAnal,移动荷载工况1,JTGD60_2015,0;//定义活载工况
LiveAnalInc,移动荷载工况1,a,子工况1,荷载1,2.69100,1,CUSTOM,4.000000,车道一;//往活载工况里面加子工况，引用活载工况名












//------------------------------- STAGE ---------------------------->>施工阶段相关
Stage,1,桥墩施工,30.0;//定义施工阶段名称
StgEle,1,1,1,桥墩,7.0,0;//激活单元组，引用单元组名
StgBd,1,1,1,墩底固结;//激活边界组，引用边界组名
StgLc,1,1,1,,自重;//激活荷载工况，引用荷载工况名

Stage,2,现浇_0号块,37.0;
StgEle,2,1,1,0_号块,7.0,0;
StgBd,2,1,1,主墩临时支持;
StgLc,2,1,1,,预应力1;
StgLc,2,1,1,,自重1;

Stage,3,安装挂篮1,2.0;
StgLc,3,1,1,,挂篮重1;

Stage,4,现浇_1号块,5.0;
StgEle,4,1,1,1_号块,1.0,0;
StgLc,4,1,1,,自重2;

Stage,5,张拉钢束2,1.0;
StgLc,5,1,1,,预应力2;

Stage,6,安装挂篮2,2.0;
StgLc,6,1,0,,挂篮重1;
StgLc,6,1,1,,挂篮重2;

Stage,7,现浇_2号块,5.0;
StgEle,7,1,1,2_号块,1.0,0;
StgLc,7,1,1,,自重2;

Stage,8,张拉钢束3,1.0;
StgLc,8,1,1,,预应力3;

Stage,9,安装挂篮3,2.0;
StgLc,9,1,0,,挂篮重2;
StgLc,9,1,1,,挂篮重3;

Stage,10,现浇_3号块,5.0;
StgEle,10,1,1,3_号块,1.0,0;
StgLc,10,1,1,,自重3;

Stage,11,张拉钢束4,1.0;
StgLc,11,1,1,,预应力4;

Stage,12,安装挂篮4,2.0;
StgLc,12,1,0,,挂篮重3;
StgLc,12,1,1,,挂篮重4;

Stage,13,现浇_4号块,5.0;
StgEle,13,1,1,4_号块,1.0,0;
StgLc,13,1,1,,自重4;

Stage,14,张拉钢束5,1.0;
StgLc,14,1,1,,预应力5;

Stage,15,安装挂篮5,2.0;
StgLc,15,1,0,,挂篮重4;
StgLc,15,1,1,,挂篮重5;

Stage,16,现浇_5号块,5.0;
StgEle,16,1,1,5_号块,1.0,0;
StgLc,16,1,1,,自重5;

Stage,17,张拉钢束6,1.0;
StgLc,17,1,1,,预应力6;

Stage,18,安装挂篮6,2.0;
StgLc,18,1,0,,挂篮重5;
StgLc,18,1,1,,挂篮重6;

Stage,19,现浇_6号块,5.0;
StgEle,19,1,1,6_号块,1.0,0;
StgLc,19,1,1,,自重6;

Stage,20,张拉钢束7,1.0;
StgLc,20,1,1,,预应力7;

Stage,21,安装挂篮7,2.0;
StgLc,21,1,0,,挂篮重6;
StgLc,21,1,1,,挂篮重7;

Stage,22,现浇_7号块,5.0;
StgEle,22,1,1,7_号块,1.0,0;
StgLc,22,1,1,,自重7;

Stage,23,张拉钢束8,1.0;
StgLc,23,1,1,,预应力8;

Stage,24,安装挂篮8,2.0;
StgLc,24,1,0,,挂篮重7;
StgLc,24,1,1,,挂篮重8;

Stage,25,现浇_8号块,5.0;
StgEle,25,1,1,8_号块,1.0,0;
StgLc,25,1,1,,自重8;

Stage,26,张拉钢束9,1.0;
StgLc,26,1,1,,预应力9;

Stage,27,安装挂篮9,2.0;
StgLc,27,1,0,,挂篮重8;
StgLc,27,1,1,,挂篮重9;

Stage,28,现浇_9号块,5.0;
StgEle,28,1,1,9_号块,1.0,0;
StgLc,28,1,1,,自重9;

Stage,29,张拉钢束10,1.0;
StgLc,29,1,1,,预应力10;

Stage,30,拆除挂篮9,1.0;
StgLc,30,1,0,,挂篮重9;

Stage,31,边跨现浇现浇合拢,10;
StgEle,31,1,1,11_边跨现浇段,1,0;
StgEle,31,1,1,12_边跨合拢段,1,0;
StgBd,31,1,1,边墩临时支持;
StgLc,31,1,1,,边跨预应力1;
StgLc,31,1,1,,边跨预应力2;
StgLc,31,1,1,,自重10;
StgLc,31,1,1,,合拢压重1;
StgLc,31,1,1,,合拢压重2;


Stage,32,中跨现浇现浇合拢,10;
StgEle,32,1,1,13_中跨合拢段,1,0;
StgLc,32,1,1,,自重11;
StgLc,32,1,1,,中跨预应力1;
StgLc,32,1,1,,中跨预应力2;
StgLc,32,1,0,,合拢压重1;
StgLc,32,1,0,,合拢压重2;


Stage,33,体系转换,1.0;

StgBd,33,1,0,主墩临时支持;
//StgBd,33,1,0,边墩临时支持;
StgBd,33,1,1,成桥支座;

Stage,34,二期,20.0;
StgLc,34,1,1,,二期1;

Stage,35,成桥20天,20.0;

Stage,36,成桥十年,3650.0;

Stage,37,运营,0.0;
StgLc,37,1,1,,温度梯度_降;
StgLc,37,1,1,,整体降温;
StgLc,37,1,1,,整体升温;
StgLc,37,1,1,,温度梯度_升;
StgAnal,37,1,SETL,支座沉降;//激活沉降分析，引用沉降工况名
StgAnal,37,1,LIVE,移动荷载工况1;//激活移动荷载分析，引用移动荷载工况名




