//------------------------- VERSION: 5.00 -------------------------//

//------------------- TIME: 2026-04-10 10:13:06 -------------------//

clear; clc;
//----------------------------- CONTROL ---------------------------->>
Acel,9.8066;
CalcTendon,1;
CalcConForce,1;
CalcShrink,1;
CalcCreep,1;
CalcShear,1;
CalcRlx,1;
ModLocCoor,0;
IncTendon,1;
NL,0,0;
LnSrch,0;
AutoTs,0;
NSUBST,1,20;
ModOpt,0;



//----------------------------- PROPERTY ---------------------------->>
CoorSys,1,TRIPT,
		0.00000E+00,0.00000E+00,0.00000E+00,
		1.00000E+00,1.00000E+00,0.00000E+00,
		1.00000E+00,1.00000E+00,1.00000E+00;
CoorSys,2,DBPT,
		0.00000E+00,0.00000E+00,0.00000E+00,
		1.00000E+00,1.00000E+00,0.00000E+00,
		0.00000E+00;

//----------------------------- MATERIAL --------------------------->>
Material,1,C50,CONC,JTG3362_2018,C50,,0.050;



//------------------------------- SECTION ----------------------------->>
Section,1,矩形,RECT,Fillet,Solid,0.6000,1.0000,1.0000,0.5000,0.0000,1.0000,1.0000,0.5000,0.2500,
			0,1.0000,0.5000,0.2500,0,1.2000,0.8000,0.2000;
SectionOffset,1,Middle,0.0000,Center,0.0000;
SectionMesh,1,0,0.1000;





//------------------------------- NODE ----------------------------->>
Node,1,0.0000,0.0000,0.0000;
Node,2,10.0000,0.0000,0.0000;
Node,3,0.0000,20.0000,0.0000;
Node,4,10.0000,20.0000,0.0000;



//----------------------------- ELEMENT ---------------------------->>
Element,1,BEAM3D,1,2,1,1,1,1,1,0.000E+00,0,0.00,0;
Element,2,BEAM3D,3,4,1,1,1,1,1,0.000E+00,0,0.00,0;





EleGrp,单元1,c;
EleGrp,单元1,a,1;
EleGrp,单元2,c;
EleGrp,单元2,a,2;
EleGrp,单元组,c;
EleGrp,单元组,a,1to2;



//----------------------------- BOUNDARY --------------------------->>
Boundary,1,GENERAL,1,1,1,1,1,1,1,0;
AsgnBd,1,a,1;

Boundary,2,GENERAL,1,1,1,1,1,1,1,0;
AsgnBd,2,a,2;

Boundary,3,GENERAL,2,1,1,1,1,1,1,0;
AsgnBd,3,a,3;

Boundary,4,GENERAL,2,1,1,1,1,1,1,0;
AsgnBd,4,a,4;




BdGrp,边界组,c;
BdGrp,边界组,a,1to4;



//----------------------------- LOADCASE --------------------------->>




LoadCase,作用,USER,1.00000E+00;
Load,PTF,作用,1,1,1,
			0.5000,0.0000,0.0000,0.00000e+00,1.00000e+06,0.00000e+00;
Load,PTF,作用,2,1,1,
			0.5000,0.0000,0.0000,0.00000e+00,1.00000e+06,0.00000e+00;





//----------------------------- ANALYSIS --------------------------->>




LiveGrade,二级,JTGD60_2015,HIGHWAY_II;

InflAlgo,车道二,VE,10.0000,1.80,1,0,单元2,0.00000E+00,0.00000E+00;
InflAlgo,车道一,VE,10.0000,1.80,1,0,单元1,0.00000E+00,0.00000E+00;

LiveAnal,二的工况,JTGD60_2015,0;
LiveAnalFactor,二的工况,1.2000,1.0000,0.7800,0.6700,0.6000,0.5500,0.5200,0.5000,0.5000,0.5000;
LiveAnalInc,二的工况,a,子工况1,二级,1.00000,0,车道二;
LiveAnalOpt,二的工况,子工况1,1,1;

LiveAnal,一的工况,JTGD60_2015,0;
LiveAnalFactor,一的工况,1.2000,1.0000,0.7800,0.6700,0.6000,0.5500,0.5200,0.5000,0.5000,0.5000;
LiveAnalInc,一的工况,a,子工况1,二级,1.00000,0,车道一;
LiveAnalOpt,一的工况,子工况1,1,1;













//------------------------------- STAGE ---------------------------->>
Stage,1,成桥,7.0;
StgEle,1,1,1,单元组,7.0,0;
StgBd,1,1,1,边界组;
StgLc,1,1,1,,作用;

Stage,2,CS2,0.0;
StgAnal,2,1,LIVE,一的工况;
StgAnal,2,1,LIVE,二的工况;




